Component: ARM Compiler 5.06 update 4 (build 422) Tool: armlink [4d35d2]

==============================================================================

Section Cross References

    system_stm32f4xx.o(i.SystemCoreClockUpdate) refers to system_stm32f4xx.o(.data) for .data
    system_stm32f4xx.o(i.SystemInit) refers to system_stm32f4xx.o(i.SetSysClock) for SetSysClock
    startup_stm32f401xx.o(RESET) refers to startup_stm32f401xx.o(STACK) for __initial_sp
    startup_stm32f401xx.o(RESET) refers to startup_stm32f401xx.o(.text) for Reset_Handler
    startup_stm32f401xx.o(RESET) refers to stm32f4xx_it.o(i.NMI_Handler) for NMI_Handler
    startup_stm32f401xx.o(RESET) refers to stm32f4xx_it.o(i.HardFault_Handler) for HardFault_Handler
    startup_stm32f401xx.o(RESET) refers to stm32f4xx_it.o(i.MemManage_Handler) for MemManage_Handler
    startup_stm32f401xx.o(RESET) refers to stm32f4xx_it.o(i.BusFault_Handler) for BusFault_Handler
    startup_stm32f401xx.o(RESET) refers to stm32f4xx_it.o(i.UsageFault_Handler) for UsageFault_Handler
    startup_stm32f401xx.o(RESET) refers to stm32f4xx_it.o(i.SVC_Handler) for SVC_Handler
    startup_stm32f401xx.o(RESET) refers to stm32f4xx_it.o(i.DebugMon_Handler) for DebugMon_Handler
    startup_stm32f401xx.o(RESET) refers to stm32f4xx_it.o(i.PendSV_Handler) for PendSV_Handler
    startup_stm32f401xx.o(RESET) refers to stm32f4xx_it.o(i.SysTick_Handler) for SysTick_Handler
    startup_stm32f401xx.o(RESET) refers to stm32f4xx_it.o(i.TIM2_IRQHandler) for TIM2_IRQHandler
    startup_stm32f401xx.o(RESET) refers to stm32f4xx_it.o(i.TIM3_IRQHandler) for TIM3_IRQHandler
    startup_stm32f401xx.o(RESET) refers to stm32f4xx_it.o(i.USART2_IRQHandler) for USART2_IRQHandler
    startup_stm32f401xx.o(.text) refers to system_stm32f4xx.o(i.SystemInit) for SystemInit
    startup_stm32f401xx.o(.text) refers to entry.o(.ARM.Collect$$$$00000000) for __main
    stm32f4xx_adc.o(i.ADC_DeInit) refers to stm32f4xx_rcc.o(i.RCC_APB2PeriphResetCmd) for RCC_APB2PeriphResetCmd
    stm32f4xx_can.o(i.CAN_DeInit) refers to stm32f4xx_rcc.o(i.RCC_APB1PeriphResetCmd) for RCC_APB1PeriphResetCmd
    stm32f4xx_can.o(i.CAN_GetITStatus) refers to stm32f4xx_can.o(i.CheckITStatus) for CheckITStatus
    stm32f4xx_cryp.o(i.CRYP_DeInit) refers to stm32f4xx_rcc.o(i.RCC_AHB2PeriphResetCmd) for RCC_AHB2PeriphResetCmd
    stm32f4xx_cryp_aes.o(i.CRYP_AES_CBC) refers to stm32f4xx_cryp.o(i.CRYP_KeyStructInit) for CRYP_KeyStructInit
    stm32f4xx_cryp_aes.o(i.CRYP_AES_CBC) refers to stm32f4xx_cryp.o(i.CRYP_KeyInit) for CRYP_KeyInit
    stm32f4xx_cryp_aes.o(i.CRYP_AES_CBC) refers to stm32f4xx_cryp.o(i.CRYP_Init) for CRYP_Init
    stm32f4xx_cryp_aes.o(i.CRYP_AES_CBC) refers to stm32f4xx_cryp.o(i.CRYP_IVInit) for CRYP_IVInit
    stm32f4xx_cryp_aes.o(i.CRYP_AES_CBC) refers to stm32f4xx_cryp.o(i.CRYP_FIFOFlush) for CRYP_FIFOFlush
    stm32f4xx_cryp_aes.o(i.CRYP_AES_CBC) refers to stm32f4xx_cryp.o(i.CRYP_Cmd) for CRYP_Cmd
    stm32f4xx_cryp_aes.o(i.CRYP_AES_CBC) refers to stm32f4xx_cryp.o(i.CRYP_GetCmdStatus) for CRYP_GetCmdStatus
    stm32f4xx_cryp_aes.o(i.CRYP_AES_CBC) refers to stm32f4xx_cryp.o(i.CRYP_GetFlagStatus) for CRYP_GetFlagStatus
    stm32f4xx_cryp_aes.o(i.CRYP_AES_CBC) refers to stm32f4xx_cryp.o(i.CRYP_DataIn) for CRYP_DataIn
    stm32f4xx_cryp_aes.o(i.CRYP_AES_CBC) refers to stm32f4xx_cryp.o(i.CRYP_DataOut) for CRYP_DataOut
    stm32f4xx_cryp_aes.o(i.CRYP_AES_CCM) refers to stm32f4xx_cryp.o(i.CRYP_KeyStructInit) for CRYP_KeyStructInit
    stm32f4xx_cryp_aes.o(i.CRYP_AES_CCM) refers to stm32f4xx_cryp.o(i.CRYP_FIFOFlush) for CRYP_FIFOFlush
    stm32f4xx_cryp_aes.o(i.CRYP_AES_CCM) refers to stm32f4xx_cryp.o(i.CRYP_KeyInit) for CRYP_KeyInit
    stm32f4xx_cryp_aes.o(i.CRYP_AES_CCM) refers to stm32f4xx_cryp.o(i.CRYP_IVInit) for CRYP_IVInit
    stm32f4xx_cryp_aes.o(i.CRYP_AES_CCM) refers to stm32f4xx_cryp.o(i.CRYP_Init) for CRYP_Init
    stm32f4xx_cryp_aes.o(i.CRYP_AES_CCM) refers to stm32f4xx_cryp.o(i.CRYP_PhaseConfig) for CRYP_PhaseConfig
    stm32f4xx_cryp_aes.o(i.CRYP_AES_CCM) refers to stm32f4xx_cryp.o(i.CRYP_DataIn) for CRYP_DataIn
    stm32f4xx_cryp_aes.o(i.CRYP_AES_CCM) refers to stm32f4xx_cryp.o(i.CRYP_Cmd) for CRYP_Cmd
    stm32f4xx_cryp_aes.o(i.CRYP_AES_CCM) refers to stm32f4xx_cryp.o(i.CRYP_GetCmdStatus) for CRYP_GetCmdStatus
    stm32f4xx_cryp_aes.o(i.CRYP_AES_CCM) refers to stm32f4xx_cryp.o(i.CRYP_GetFlagStatus) for CRYP_GetFlagStatus
    stm32f4xx_cryp_aes.o(i.CRYP_AES_CCM) refers to stm32f4xx_cryp.o(i.CRYP_DataOut) for CRYP_DataOut
    stm32f4xx_cryp_aes.o(i.CRYP_AES_CTR) refers to stm32f4xx_cryp.o(i.CRYP_KeyStructInit) for CRYP_KeyStructInit
    stm32f4xx_cryp_aes.o(i.CRYP_AES_CTR) refers to stm32f4xx_cryp.o(i.CRYP_KeyInit) for CRYP_KeyInit
    stm32f4xx_cryp_aes.o(i.CRYP_AES_CTR) refers to stm32f4xx_cryp.o(i.CRYP_Init) for CRYP_Init
    stm32f4xx_cryp_aes.o(i.CRYP_AES_CTR) refers to stm32f4xx_cryp.o(i.CRYP_IVInit) for CRYP_IVInit
[...]
    ../clib/microlib/init/entry.s            0x00000000   Number         0  entry8b.o ABSOLUTE
    ../clib/microlib/init/entry.s            0x00000000   Number         0  entry10a.o ABSOLUTE
    ../clib/microlib/init/entry.s            0x00000000   Number         0  entry10b.o ABSOLUTE
    ../clib/microlib/init/entry.s            0x00000000   Number         0  entry11a.o ABSOLUTE
    ../clib/microlib/init/entry.s            0x00000000   Number         0  entry9a.o ABSOLUTE
    ../clib/microlib/init/entry.s            0x00000000   Number         0  entry11b.o ABSOLUTE
    ../clib/microlib/init/entry.s            0x00000000   Number         0  entry9b.o ABSOLUTE
    ../clib/microlib/init/entry.s            0x00000000   Number         0  entry5.o ABSOLUTE
    ../clib/microlib/init/entry.s            0x00000000   Number         0  entry8a.o ABSOLUTE
    ../clib/microlib/init/entry.s            0x00000000   Number         0  entry7b.o ABSOLUTE
    ../clib/microlib/init/entry.s            0x00000000   Number         0  entry7a.o ABSOLUTE
    ../clib/microlib/init/entry.s            0x00000000   Number         0  entry2.o ABSOLUTE
    ../clib/microlib/longlong.c              0x00000000   Number         0  llshl.o ABSOLUTE
    ../clib/microlib/longlong.c              0x00000000   Number         0  llsshr.o ABSOLUTE
    ../clib/microlib/longlong.c              0x00000000   Number         0  llushr.o ABSOLUTE
    ../clib/microlib/printf/printf.c         0x00000000   Number         0  printf3.o ABSOLUTE
    ../clib/microlib/printf/printf.c         0x00000000   Number         0  printf2.o ABSOLUTE
    ../clib/microlib/printf/printf.c         0x00000000   Number         0  printf1.o ABSOLUTE
    ../clib/microlib/printf/printf.c         0x00000000   Number         0  printf8.o ABSOLUTE
    ../clib/microlib/printf/printf.c         0x00000000   Number         0  printf0.o ABSOLUTE
    ../clib/microlib/printf/printf.c         0x00000000   Number         0  printfa.o ABSOLUTE
    ../clib/microlib/printf/printf.c         0x00000000   Number         0  printfb.o ABSOLUTE
    ../clib/microlib/printf/printf.c         0x00000000   Number         0  printf7.o ABSOLUTE
    ../clib/microlib/printf/printf.c         0x00000000   Number         0  printf6.o ABSOLUTE
    ../clib/microlib/printf/printf.c         0x00000000   Number         0  printf5.o ABSOLUTE
    ../clib/microlib/printf/printf.c         0x00000000   Number         0  printf4.o ABSOLUTE
    ../clib/microlib/printf/stubs.s          0x00000000   Number         0  stubs.o ABSOLUTE
    ../clib/microlib/stdio/streams.c         0x00000000   Number         0  stdout.o ABSOLUTE
    ../clib/microlib/string/memset.c         0x00000000   Number         0  memseta.o ABSOLUTE
    ../clib/microlib/stubs.s                 0x00000000   Number         0  iusefp.o ABSOLUTE
    ../fplib/microlib/d2f.c                  0x00000000   Number         0  d2f.o ABSOLUTE
    ../fplib/microlib/f2d.c                  0x00000000   Number         0  f2d.o ABSOLUTE
    ../fplib/microlib/fpadd.c                0x00000000   Number         0  dadd.o ABSOLUTE
    ../fplib/microlib/fpdiv.c                0x00000000   Number         0  ddiv.o ABSOLUTE
    ../fplib/microlib/fpepilogue.c           0x00000000   Number         0  fepilogue.o ABSOLUTE
    ../fplib/microlib/fpepilogue.c           0x00000000   Number         0  depilogue.o ABSOLUTE
    ../fplib/microlib/fpfix.c                0x00000000   Number         0  dfixul.o ABSOLUTE
    ../fplib/microlib/fpfix.c                0x00000000   Number         0  dfixi.o ABSOLUTE
    ../fplib/microlib/fpflt.c                0x00000000   Number         0  dflti.o ABSOLUTE
    ../fplib/microlib/fpmul.c                0x00000000   Number         0  dmul.o ABSOLUTE
    ../fplib/microlib/fpneg.c                0x00000000   Number         0  dneg.o ABSOLUTE
    ../fplib/microlib/fpscalb.c              0x00000000   Number         0  dscalb.o ABSOLUTE
    ../fplib/microlib/fpsqrt.c               0x00000000   Number         0  dsqrt.o ABSOLUTE
    ../mathlib/atan.c                        0x00000000   Number         0  atan.o ABSOLUTE
    ../mathlib/atan.c                        0x00000000   Number         0  atan_x.o ABSOLUTE
    ../mathlib/ceil.c                        0x00000000   Number         0  ceil.o ABSOLUTE
    ../mathlib/dunder.c                      0x00000000   Number         0  dunder.o ABSOLUTE
    ../mathlib/fabs.c                        0x00000000   Number         0  fabs.o ABSOLUTE
    ../mathlib/floor.c                       0x00000000   Number         0  floor.o ABSOLUTE
    ../mathlib/fpclassify.c                  0x00000000   Number         0  fpclassify.o ABSOLUTE
    ../mathlib/poly.c                        0x00000000   Number         0  poly.o ABSOLUTE
    ../mathlib/pow.c                         0x00000000   Number         0  pow_x.o ABSOLUTE
    ../mathlib/pow.c                         0x00000000   Number         0  pow.o ABSOLUTE
    ../mathlib/qnan.c                        0x00000000   Number         0  qnan.o ABSOLUTE
    ../mathlib/sqrt.c                        0x00000000   Number         0  sqrt.o ABSOLUTE
    ../mathlib/sqrt.c                        0x00000000   Number         0  sqrt_x.o ABSOLUTE
    ..\..\..\Libraries\CMSIS\Device\ST\STM32F4xx\Source\Templates\arm\startup_stm32f401xx.s 0x00000000   Number         0  startup_stm32f401xx.o ABSOLUTE
    ..\..\..\Libraries\STM32F4xx_StdPeriph_Driver\src\misc.c 0x00000000   Number         0  misc.o ABSOLUTE
    ..\..\..\Libraries\STM32F4xx_StdPeriph_Driver\src\stm32f4xx_adc.c 0x00000000   Number         0  stm32f4xx_adc.o ABSOLUTE
    ..\..\..\Libraries\STM32F4xx_StdPeriph_Driver\src\stm32f4xx_can.c 0x00000000   Number         0  stm32f4xx_can.o ABSOLUTE
    ..\..\..\Libraries\STM32F4xx_StdPeriph_Driver\src\stm32f4xx_crc.c 0x00000000   Number         0  stm32f4xx_crc.o ABSOLUTE
    ..\..\..\Libraries\STM32F4xx_StdPeriph_Driver\src\stm32f4xx_cryp.c 0x00000000   Number         0  stm32f4xx_cryp.o ABSOLUTE
    ..\..\..\Libraries\STM32F4xx_StdPeriph_Driver\src\stm32f4xx_cryp_aes.c 0x00000000   Number         0  stm32f4xx_cryp_aes.o ABSOLUTE
    ..\..\..\Libraries\STM32F4xx_StdPeriph_Driver\src\stm32f4xx_cryp_des.c 0x00000000   Number         0  stm32f4xx_cryp_des.o ABSOLUTE
    ..\..\..\Libraries\STM32F4xx_StdPeriph_Driver\src\stm32f4xx_cryp_tdes.c 0x00000000   Number         0  stm32f4xx_cryp_tdes.o ABSOLUTE
    ..\..\..\Libraries\STM32F4xx_StdPeriph_Driver\src\stm32f4xx_dac.c 0x00000000   Number         0  stm32f4xx_dac.o ABSOLUTE
    ..\..\..\Libraries\STM32F4xx_StdPeriph_Driver\src\stm32f4xx_dbgmcu.c 0x00000000   Number         0  stm32f4xx_dbgmcu.o ABSOLUTE
    ..\..\..\Libraries\STM32F4xx_StdPeriph_Driver\src\stm32f4xx_dcmi.c 0x00000000   Number         0  stm32f4xx_dcmi.o ABSOLUTE
    ..\..\..\Libraries\STM32F4xx_StdPeriph_Driver\src\stm32f4xx_dma.c 0x00000000   Number         0  stm32f4xx_dma.o ABSOLUTE
    ..\..\..\Libraries\STM32F4xx_StdPeriph_Driver\src\stm32f4xx_dma2d.c 0x00000000   Number         0  stm32f4xx_dma2d.o ABSOLUTE
    ..\..\..\Libraries\STM32F4xx_StdPeriph_Driver\src\stm32f4xx_exti.c 0x00000000   Number         0  stm32f4xx_exti.o ABSOLUTE
    ..\..\..\Libraries\STM32F4xx_StdPeriph_Driver\src\stm32f4xx_flash.c 0x00000000   Number         0  stm32f4xx_flash.o ABSOLUTE
    ..\..\..\Libraries\STM32F4xx_StdPeriph_Driver\src\stm32f4xx_gpio.c 0x00000000   Number         0  stm32f4xx_gpio.o ABSOLUTE
    ..\..\..\Libraries\STM32F4xx_StdPeriph_Driver\src\stm32f4xx_hash.c 0x00000000   Number         0  stm32f4xx_hash.o ABSOLUTE
    ..\..\..\Libraries\STM32F4xx_StdPeriph_Driver\src\stm32f4xx_hash_md5.c 0x00000000   Number         0  stm32f4xx_hash_md5.o ABSOLUTE
    ..\..\..\Libraries\STM32F4xx_StdPeriph_Driver\src\stm32f4xx_hash_sha1.c 0x00000000   Number         0  stm32f4xx_hash_sha1.o ABSOLUTE
    ..\..\..\Libraries\STM32F4xx_StdPeriph_Driver\src\stm32f4xx_i2c.c 0x00000000   Number         0  stm32f4xx_i2c.o ABSOLUTE
    ..\..\..\Libraries\STM32F4xx_StdPeriph_Driver\src\stm32f4xx_iwdg.c 0x00000000   Number         0  stm32f4xx_iwdg.o ABSOLUTE
    ..\..\..\Libraries\STM32F4xx_StdPeriph_Driver\src\stm32f4xx_ltdc.c 0x00000000   Number         0  stm32f4xx_ltdc.o ABSOLUTE
    ..\..\..\Libraries\STM32F4xx_StdPeriph_Driver\src\stm32f4xx_pwr.c 0x00000000   Number         0  stm32f4xx_pwr.o ABSOLUTE
    ..\..\..\Libraries\STM32F4xx_StdPeriph_Driver\src\stm32f4xx_rcc.c 0x00000000   Number         0  stm32f4xx_rcc.o ABSOLUTE
    ..\..\..\Libraries\STM32F4xx_StdPeriph_Driver\src\stm32f4xx_rng.c 0x00000000   Number         0  stm32f4xx_rng.o ABSOLUTE
    ..\..\..\Libraries\STM32F4xx_StdPeriph_Driver\src\stm32f4xx_rtc.c 0x00000000   Number         0  stm32f4xx_rtc.o ABSOLUTE
    ..\..\..\Libraries\STM32F4xx_StdPeriph_Driver\src\stm32f4xx_sai.c 0x00000000   Number         0  stm32f4xx_sai.o ABSOLUTE
    ..\..\..\Libraries\STM32F4xx_StdPeriph_Driver\src\stm32f4xx_sdio.c 0x00000000   Number         0  stm32f4xx_sdio.o ABSOLUTE
    ..\..\..\Libraries\STM32F4xx_StdPeriph_Driver\src\stm32f4xx_spi.c 0x00000000   Number         0  stm32f4xx_spi.o ABSOLUTE
    ..\..\..\Libraries\STM32F4xx_StdPeriph_Driver\src\stm32f4xx_syscfg.c 0x00000000   Number         0  stm32f4xx_syscfg.o ABSOLUTE
    ..\..\..\Libraries\STM32F4xx_StdPeriph_Driver\src\stm32f4xx_tim.c 0x00000000   Number         0  stm32f4xx_tim.o ABSOLUTE
    ..\..\..\Libraries\STM32F4xx_StdPeriph_Driver\src\stm32f4xx_usart.c 0x00000000   Number         0  stm32f4xx_usart.o ABSOLUTE
    ..\..\..\Libraries\STM32F4xx_StdPeriph_Driver\src\stm32f4xx_wwdg.c 0x00000000   Number         0  stm32f4xx_wwdg.o ABSOLUTE
    ..\\..\\..\\Libraries\\STM32F4xx_StdPeriph_Driver\\src\\misc.c 0x00000000   Number         0  misc.o ABSOLUTE
    ..\\..\\..\\Libraries\\STM32F4xx_StdPeriph_Driver\\src\\stm32f4xx_adc.c 0x00000000   Number         0  stm32f4xx_adc.o ABSOLUTE
    ..\\..\\..\\Libraries\\STM32F4xx_StdPeriph_Driver\\src\\stm32f4xx_can.c 0x00000000   Number         0  stm32f4xx_can.o ABSOLUTE
    ..\\..\\..\\Libraries\\STM32F4xx_StdPeriph_Driver\\src\\stm32f4xx_crc.c 0x00000000   Number         0  stm32f4xx_crc.o ABSOLUTE
    ..\\..\\..\\Libraries\\STM32F4xx_StdPeriph_Driver\\src\\stm32f4xx_cryp.c 0x00000000   Number         0  stm32f4xx_cryp.o ABSOLUTE
    ..\\..\\..\\Libraries\\STM32F4xx_StdPeriph_Driver\\src\\stm32f4xx_cryp_aes.c 0x00000000   Number         0  stm32f4xx_cryp_aes.o ABSOLUTE
    ..\\..\\..\\Libraries\\STM32F4xx_StdPeriph_Driver\\src\\stm32f4xx_cryp_des.c 0x00000000   Number         0  stm32f4xx_cryp_des.o ABSOLUTE
    ..\\..\\..\\Libraries\\STM32F4xx_StdPeriph_Driver\\src\\stm32f4xx_cryp_tdes.c 0x00000000   Number         0  stm32f4xx_cryp_tdes.o ABSOLUTE
    ..\\..\\..\\Libraries\\STM32F4xx_StdPeriph_Driver\\src\\stm32f4xx_dac.c 0x00000000   Number         0  stm32f4xx_dac.o ABSOLUTE
    ..\\..\\..\\Libraries\\STM32F4xx_StdPeriph_Driver\\src\\stm32f4xx_dbgmcu.c 0x00000000   Number         0  stm32f4xx_dbgmcu.o ABSOLUTE
    ..\\..\\..\\Libraries\\STM32F4xx_StdPeriph_Driver\\src\\stm32f4xx_dcmi.c 0x00000000   Number         0  stm32f4xx_dcmi.o ABSOLUTE
    ..\\..\\..\\Libraries\\STM32F4xx_StdPeriph_Driver\\src\\stm32f4xx_dma.c 0x00000000   Number         0  stm32f4xx_dma.o ABSOLUTE
    ..\\..\\..\\Libraries\\STM32F4xx_StdPeriph_Driver\\src\\stm32f4xx_dma2d.c 0x00000000   Number         0  stm32f4xx_dma2d.o ABSOLUTE
    ..\\..\\..\\Libraries\\STM32F4xx_StdPeriph_Driver\\src\\stm32f4xx_exti.c 0x00000000   Number         0  stm32f4xx_exti.o ABSOLUTE
    ..\\..\\..\\Libraries\\STM32F4xx_StdPeriph_Driver\\src\\stm32f4xx_flash.c 0x00000000   Number         0  stm32f4xx_flash.o ABSOLUTE
    ..\\..\\..\\Libraries\\STM32F4xx_StdPeriph_Driver\\src\\stm32f4xx_gpio.c 0x00000000   Number         0  stm32f4xx_gpio.o ABSOLUTE
    ..\\..\\..\\Libraries\\STM32F4xx_StdPeriph_Driver\\src\\stm32f4xx_hash.c 0x00000000   Number         0  stm32f4xx_hash.o ABSOLUTE
    ..\\..\\..\\Libraries\\STM32F4xx_StdPeriph_Driver\\src\\stm32f4xx_hash_md5.c 0x00000000   Number         0  stm32f4xx_hash_md5.o ABSOLUTE
    ..\\..\\..\\Libraries\\STM32F4xx_StdPeriph_Driver\\src\\stm32f4xx_hash_sha1.c 0x00000000   Number         0  stm32f4xx_hash_sha1.o ABSOLUTE
    ..\\..\\..\\Libraries\\STM32F4xx_StdPeriph_Driver\\src\\stm32f4xx_i2c.c 0x00000000   Number         0  stm32f4xx_i2c.o ABSOLUTE
    ..\\..\\..\\Libraries\\STM32F4xx_StdPeriph_Driver\\src\\stm32f4xx_iwdg.c 0x00000000   Number         0  stm32f4xx_iwdg.o ABSOLUTE
    ..\\..\\..\\Libraries\\STM32F4xx_StdPeriph_Driver\\src\\stm32f4xx_ltdc.c 0x00000000   Number         0  stm32f4xx_ltdc.o ABSOLUTE
    ..\\..\\..\\Libraries\\STM32F4xx_StdPeriph_Driver\\src\\stm32f4xx_pwr.c 0x00000000   Number         0  stm32f4xx_pwr.o ABSOLUTE
    ..\\..\\..\\Libraries\\STM32F4xx_StdPeriph_Driver\\src\\stm32f4xx_rcc.c 0x00000000   Number         0  stm32f4xx_rcc.o ABSOLUTE
    ..\\..\\..\\Libraries\\STM32F4xx_StdPeriph_Driver\\src\\stm32f4xx_rng.c 0x00000000   Number         0  stm32f4xx_rng.o ABSOLUTE
    ..\\..\\..\\Libraries\\STM32F4xx_StdPeriph_Driver\\src\\stm32f4xx_rtc.c 0x00000000   Number         0  stm32f4xx_rtc.o ABSOLUTE
    ..\\..\\..\\Libraries\\STM32F4xx_StdPeriph_Driver\\src\\stm32f4xx_sai.c 0x00000000   Number         0  stm32f4xx_sai.o ABSOLUTE
    ..\\..\\..\\Libraries\\STM32F4xx_StdPeriph_Driver\\src\\stm32f4xx_sdio.c 0x00000000   Number         0  stm32f4xx_sdio.o ABSOLUTE
    ..\\..\\..\\Libraries\\STM32F4xx_StdPeriph_Driver\\src\\stm32f4xx_spi.c 0x00000000   Number         0  stm32f4xx_spi.o ABSOLUTE
    ..\\..\\..\\Libraries\\STM32F4xx_StdPeriph_Driver\\src\\stm32f4xx_syscfg.c 0x00000000   Number         0  stm32f4xx_syscfg.o ABSOLUTE
    ..\\..\\..\\Libraries\\STM32F4xx_StdPeriph_Driver\\src\\stm32f4xx_tim.c 0x00000000   Number         0  stm32f4xx_tim.o ABSOLUTE
    ..\\..\\..\\Libraries\\STM32F4xx_StdPeriph_Driver\\src\\stm32f4xx_usart.c 0x00000000   Number         0  stm32f4xx_usart.o ABSOLUTE
    ..\\..\\..\\Libraries\\STM32F4xx_StdPeriph_Driver\\src\\stm32f4xx_wwdg.c 0x00000000   Number         0  stm32f4xx_wwdg.o ABSOLUTE
    ..\\src\\Custom_Button.c                 0x00000000   Number         0  custom_button.o ABSOLUTE
    ..\\src\\EEP\\eeprom.c                   0x00000000   Number         0  eeprom.o ABSOLUTE
    ..\\src\\Hw_config.c                     0x00000000   Number         0  hw_config.o ABSOLUTE
    ..\\src\\Kalman_Filter\\kalman_filter.c  0x00000000   Number         0  kalman_filter.o ABSOLUTE
    ..\\src\\MEMS_Calculate.c                0x00000000   Number         0  mems_calculate.o ABSOLUTE
    ..\\src\\main.c                          0x00000000   Number         0  main.o ABSOLUTE
    ..\\src\\stm32f4xx_LSM6DS3.c             0x00000000   Number         0  stm32f4xx_lsm6ds3.o ABSOLUTE
    ..\\src\\stm32f4xx_it.c                  0x00000000   Number         0  stm32f4xx_it.o ABSOLUTE
    ..\\src\\system_stm32f4xx.c              0x00000000   Number         0  system_stm32f4xx.o ABSOLUTE
    ..\src\Custom_Button.c                   0x00000000   Number         0  custom_button.o ABSOLUTE
    ..\src\EEP\eeprom.c                      0x00000000   Number         0  eeprom.o ABSOLUTE
    ..\src\Hw_config.c                       0x00000000   Number         0  hw_config.o ABSOLUTE
    ..\src\Kalman_Filter\kalman_filter.c     0x00000000   Number         0  kalman_filter.o ABSOLUTE
    ..\src\MEMS_Calculate.c                  0x00000000   Number         0  mems_calculate.o ABSOLUTE
    ..\src\macro.c                           0x00000000   Number         0  macro.o ABSOLUTE
    ..\src\main.c                            0x00000000   Number         0  main.o ABSOLUTE
    ..\src\stm32f4xx_LSM6DS3.c               0x00000000   Number         0  stm32f4xx_lsm6ds3.o ABSOLUTE
    ..\src\stm32f4xx_it.c                    0x00000000   Number         0  stm32f4xx_it.o ABSOLUTE
    ..\src\system_stm32f4xx.c                0x00000000   Number         0  system_stm32f4xx.o ABSOLUTE
    cdcmple.s                                0x00000000   Number         0  cdcmple.o ABSOLUTE
    cdrcmple.s                               0x00000000   Number         0  cdrcmple.o ABSOLUTE
    dc.s                                     0x00000000   Number         0  dc.o ABSOLUTE
    handlers.s                               0x00000000   Number         0  handlers.o ABSOLUTE
    init.s                                   0x00000000   Number         0  init.o ABSOLUTE
    RESET                                    0x08000000   Section      404  startup_stm32f401xx.o(RESET)
    .ARM.Collect$$$$00000000                 0x08000194   Section        0  entry.o(.ARM.Collect$$$$00000000)
    .ARM.Collect$$$$00000001                 0x08000194   Section        4  entry2.o(.ARM.Collect$$$$00000001)
    .ARM.Collect$$$$00000004                 0x08000198   Section        4  entry5.o(.ARM.Collect$$$$00000004)
    .ARM.Collect$$$$00000008                 0x0800019c   Section        0  entry7b.o(.ARM.Collect$$$$00000008)
    .ARM.Collect$$$$0000000A                 0x0800019c   Section        0  entry8b.o(.ARM.Collect$$$$0000000A)
    .ARM.Collect$$$$0000000B                 0x0800019c   Section        8  entry9a.o(.ARM.Collect$$$$0000000B)
    .ARM.Collect$$$$0000000D                 0x080001a4   Section        0  entry10a.o(.ARM.Collect$$$$0000000D)
    .ARM.Collect$$$$0000000F                 0x080001a4   Section        0  entry11a.o(.ARM.Collect$$$$0000000F)
    .ARM.Collect$$$$00002712                 0x080001a4   Section        4  entry2.o(.ARM.Collect$$$$00002712)
    __lit__00000000                          0x080001a4   Data           4  entry2.o(.ARM.Collect$$$$00002712)
    .text                                    0x080001a8   Section       36  startup_stm32f401xx.o(.text)
    $v0                                      0x080001a8   Number         0  startup_stm32f401xx.o(.text)
    .text                                    0x080001cc   Section        0  dmul.o(.text)
    .text                                    0x080002b0   Section        0  f2d.o(.text)
    .text                                    0x080002d8   Section       48  cdrcmple.o(.text)
    .text                                    0x08000308   Section        0  d2f.o(.text)
    .text                                    0x08000340   Section        0  uidiv.o(.text)
    .text                                    0x0800036c   Section        0  uldiv.o(.text)
    .text                                    0x080003ce   Section        0  llushr.o(.text)
    .text                                    0x080003ee   Section        0  fepilogue.o(.text)
    .text                                    0x080003ee   Section        0  iusefp.o(.text)
    .text                                    0x0800045c   Section        0  depilogue.o(.text)
    .text                                    0x08000516   Section        0  dadd.o(.text)
    .text                                    0x08000664   Section        0  ddiv.o(.text)
    .text                                    0x08000742   Section        0  dsqrt.o(.text)
    .text                                    0x080007e4   Section        0  dfixul.o(.text)
    .text                                    0x08000814   Section       36  init.o(.text)
    .text                                    0x08000838   Section        0  llshl.o(.text)
    .text                                    0x08000856   Section        0  llsshr.o(.text)
    i.Accelerator_Calibration                0x0800087c   Section        0  mems_calculate.o(i.Accelerator_Calibration)
    i.Accelerator_filter                     0x08000950   Section        0  mems_calculate.o(i.Accelerator_filter)
    i.BusFault_Handler                       0x080009ec   Section        0  stm32f4xx_it.o(i.BusFault_Handler)
    i.Button_Procedure                       0x080009f0   Section        0  hw_config.o(i.Button_Procedure)
    i.Custom_Button4PressedLong              0x08000a48   Section        0  custom_button.o(i.Custom_Button4PressedLong)
    i.Custom_Button4PressedOnce              0x08000a84   Section        0  custom_button.o(i.Custom_Button4PressedOnce)
    i.Custom_Button4Read                     0x08000a90   Section        0  custom_button.o(i.Custom_Button4Read)
    i.Custom_ButtonConfig                    0x08000abc   Section        0  custom_button.o(i.Custom_ButtonConfig)
    i.Custom_ButtonDebounce                  0x08000af0   Section        0  custom_button.o(i.Custom_ButtonDebounce)
    i.Custom_ButtonScan                      0x08000b00   Section        0  custom_button.o(i.Custom_ButtonScan)
    i.DebugMon_Handler                       0x08000b04   Section        0  stm32f4xx_it.o(i.DebugMon_Handler)
    i.EE_FindValidPage                       0x08000b08   Section        0  eeprom.o(i.EE_FindValidPage)
    EE_FindValidPage                         0x08000b09   Thumb Code    52  eeprom.o(i.EE_FindValidPage)
    i.EE_Format                              0x08000b44   Section        0  eeprom.o(i.EE_Format)
    EE_Format                                0x08000b45   Thumb Code    40  eeprom.o(i.EE_Format)
    i.EE_Init                                0x08000b70   Section        0  eeprom.o(i.EE_Init)
    i.EE_PageTransfer                        0x08000c94   Section        0  eeprom.o(i.EE_PageTransfer)
    EE_PageTransfer                          0x08000c95   Thumb Code   140  eeprom.o(i.EE_PageTransfer)
    i.EE_ReadVariable                        0x08000d30   Section        0  eeprom.o(i.EE_ReadVariable)
    i.EE_VerifyPageFullWriteVariable         0x08000d78   Section        0  eeprom.o(i.EE_VerifyPageFullWriteVariable)
    EE_VerifyPageFullWriteVariable           0x08000d79   Thumb Code    70  eeprom.o(i.EE_VerifyPageFullWriteVariable)
    i.EE_WriteVariable                       0x08000dc8   Section        0  eeprom.o(i.EE_WriteVariable)
    i.EmulateEEP_Init                        0x08000de4   Section        0  mems_calculate.o(i.EmulateEEP_Init)
    i.FLASH_EraseSector                      0x08000e08   Section        0  stm32f4xx_flash.o(i.FLASH_EraseSector)
    i.FLASH_GetStatus                        0x08000e74   Section        0  stm32f4xx_flash.o(i.FLASH_GetStatus)
    i.FLASH_Lock                             0x08000eb0   Section        0  stm32f4xx_flash.o(i.FLASH_Lock)
    i.FLASH_ProgramHalfWord                  0x08000ec0   Section        0  stm32f4xx_flash.o(i.FLASH_ProgramHalfWord)
    i.FLASH_Unlock                           0x08000efc   Section        0  stm32f4xx_flash.o(i.FLASH_Unlock)
    i.FLASH_WaitForLastOperation             0x08000f20   Section        0  stm32f4xx_flash.o(i.FLASH_WaitForLastOperation)
    i.GPIO_Init                              0x08000f3e   Section        0  stm32f4xx_gpio.o(i.GPIO_Init)
    i.GPIO_PinAFConfig                       0x08000fe0   Section        0  stm32f4xx_gpio.o(i.GPIO_PinAFConfig)
    i.GPIO_ReadInputDataBit                  0x08001000   Section        0  stm32f4xx_gpio.o(i.GPIO_ReadInputDataBit)
    i.GPIO_ToggleBits                        0x0800100e   Section        0  stm32f4xx_gpio.o(i.GPIO_ToggleBits)
    i.Gyroscope_Calibration                  0x08001018   Section        0  mems_calculate.o(i.Gyroscope_Calibration)
    i.Gyroscope_filter                       0x080010c4   Section        0  mems_calculate.o(i.Gyroscope_filter)
    i.HardFault_Handler                      0x08001160   Section        0  stm32f4xx_it.o(i.HardFault_Handler)
    i.I2C_AcknowledgeConfig                  0x08001162   Section        0  stm32f4xx_i2c.o(i.I2C_AcknowledgeConfig)
    i.I2C_CheckEvent                         0x08001176   Section        0  stm32f4xx_i2c.o(i.I2C_CheckEvent)
    i.I2C_Cmd                                0x0800118e   Section        0  stm32f4xx_i2c.o(i.I2C_Cmd)
    i.I2C_DeInit                             0x080011a4   Section        0  stm32f4xx_i2c.o(i.I2C_DeInit)
    i.I2C_GenerateSTART                      0x080011e8   Section        0  stm32f4xx_i2c.o(i.I2C_GenerateSTART)
    i.I2C_GenerateSTOP                       0x080011fc   Section        0  stm32f4xx_i2c.o(i.I2C_GenerateSTOP)
    i.I2C_GetFlagStatus                      0x08001210   Section        0  stm32f4xx_i2c.o(i.I2C_GetFlagStatus)
    i.I2C_Init                               0x0800123c   Section        0  stm32f4xx_i2c.o(i.I2C_Init)
    i.I2C_ReceiveData                        0x080012f4   Section        0  stm32f4xx_i2c.o(i.I2C_ReceiveData)
    i.I2C_Send7bitAddress                    0x080012fa   Section        0  stm32f4xx_i2c.o(i.I2C_Send7bitAddress)
    i.I2C_SendData                           0x0800130a   Section        0  stm32f4xx_i2c.o(i.I2C_SendData)
    i.I2C_SoftwareResetCmd                   0x0800130e   Section        0  stm32f4xx_i2c.o(i.I2C_SoftwareResetCmd)
    i.LED_Config                             0x08001324   Section        0  hw_config.o(i.LED_Config)
    i.MEMS_Calibration                       0x08001358   Section        0  mems_calculate.o(i.MEMS_Calibration)
    i.MemManage_Handler                      0x08001530   Section        0  stm32f4xx_it.o(i.MemManage_Handler)
    i.NMI_Handler                            0x08001532   Section        0  stm32f4xx_it.o(i.NMI_Handler)
    i.NVIC_Init                              0x08001534   Section        0  misc.o(i.NVIC_Init)
    i.NVIC_SetPriority                       0x08001598   Section        0  hw_config.o(i.NVIC_SetPriority)
    NVIC_SetPriority                         0x08001599   Thumb Code    32  hw_config.o(i.NVIC_SetPriority)
    i.PendSV_Handler                         0x080015b8   Section        0  stm32f4xx_it.o(i.PendSV_Handler)
    i.PollingProcedure                       0x080015ba   Section        0  hw_config.o(i.PollingProcedure)
    i.RCC_AHB1PeriphClockCmd                 0x080015d8   Section        0  stm32f4xx_rcc.o(i.RCC_AHB1PeriphClockCmd)
    i.RCC_APB1PeriphClockCmd                 0x080015f0   Section        0  stm32f4xx_rcc.o(i.RCC_APB1PeriphClockCmd)
    i.RCC_APB1PeriphResetCmd                 0x08001608   Section        0  stm32f4xx_rcc.o(i.RCC_APB1PeriphResetCmd)
    i.RCC_GetClocksFreq                      0x08001620   Section        0  stm32f4xx_rcc.o(i.RCC_GetClocksFreq)
    i.RCC_PCLK1Config                        0x080016b0   Section        0  stm32f4xx_rcc.o(i.RCC_PCLK1Config)
    i.SVC_Handler                            0x080016c4   Section        0  stm32f4xx_it.o(i.SVC_Handler)
    i.SetSysClock                            0x080016c8   Section        0  system_stm32f4xx.o(i.SetSysClock)
    SetSysClock                              0x080016c9   Thumb Code   158  system_stm32f4xx.o(i.SetSysClock)
    i.SysTickConfig                          0x08001778   Section        0  hw_config.o(i.SysTickConfig)
    i.SysTick_Handler                        0x08001850   Section        0  stm32f4xx_it.o(i.SysTick_Handler)
    i.SystemInit                             0x08001854   Section        0  system_stm32f4xx.o(i.SystemInit)
    i.TIM2_Config                            0x080018b0   Section        0  hw_config.o(i.TIM2_Config)
    i.TIM2_IRQHandler                        0x08001912   Section        0  stm32f4xx_it.o(i.TIM2_IRQHandler)
    i.TIM3_Config                            0x0800193c   Section        0  hw_config.o(i.TIM3_Config)
    i.TIM3_IRQHandler                        0x080019a0   Section        0  stm32f4xx_it.o(i.TIM3_IRQHandler)
    i.TIM_ClearITPendingBit                  0x080019e8   Section        0  stm32f4xx_tim.o(i.TIM_ClearITPendingBit)
    i.TIM_Cmd                                0x080019ee   Section        0  stm32f4xx_tim.o(i.TIM_Cmd)
    i.TIM_GetITStatus                        0x08001a02   Section        0  stm32f4xx_tim.o(i.TIM_GetITStatus)
    i.TIM_ITConfig                           0x08001a1a   Section        0  stm32f4xx_tim.o(i.TIM_ITConfig)
    i.TIM_TimeBaseInit                       0x08001a2c   Section        0  stm32f4xx_tim.o(i.TIM_TimeBaseInit)
    i.Tilt_Angle_Calculate                   0x08001aa8   Section        0  mems_calculate.o(i.Tilt_Angle_Calculate)
    i.TimingDelay_Decrement                  0x08001ca0   Section        0  hw_config.o(i.TimingDelay_Decrement)
    i.USART2_IRQHandler                      0x08001cb4   Section        0  stm32f4xx_it.o(i.USART2_IRQHandler)
    i.USART_ClearITPendingBit                0x08001d0c   Section        0  stm32f4xx_usart.o(i.USART_ClearITPendingBit)
    i.USART_Cmd                              0x08001d18   Section        0  stm32f4xx_usart.o(i.USART_Cmd)
    i.USART_Config                           0x08001d2c   Section        0  hw_config.o(i.USART_Config)
    i.USART_GetFlagStatus                    0x08001dfc   Section        0  stm32f4xx_usart.o(i.USART_GetFlagStatus)
    i.USART_GetITStatus                      0x08001e0a   Section        0  stm32f4xx_usart.o(i.USART_GetITStatus)
    i.USART_ITConfig                         0x08001e48   Section        0  stm32f4xx_usart.o(i.USART_ITConfig)
    i.USART_Init                             0x08001e78   Section        0  stm32f4xx_usart.o(i.USART_Init)
    i.USART_ReceiveData                      0x08001f24   Section        0  stm32f4xx_usart.o(i.USART_ReceiveData)
    i.USART_SendData                         0x08001f2c   Section        0  stm32f4xx_usart.o(i.USART_SendData)
    i.USART_Test                             0x08001f34   Section        0  hw_config.o(i.USART_Test)
    i.UsageFault_Handler                     0x08001f84   Section        0  stm32f4xx_it.o(i.UsageFault_Handler)
    i.__0printf                              0x08001f88   Section        0  printfa.o(i.__0printf)
    i.__ARM_fpclassify                       0x08001fa8   Section        0  fpclassify.o(i.__ARM_fpclassify)
    i.__hardfp_atan                          0x08001fd8   Section        0  atan.o(i.__hardfp_atan)
    i.__hardfp_sqrt                          0x080022b0   Section        0  sqrt.o(i.__hardfp_sqrt)
    i.__kernel_poly                          0x0800232a   Section        0  poly.o(i.__kernel_poly)
    i.__mathlib_dbl_infnan                   0x08002422   Section        0  dunder.o(i.__mathlib_dbl_infnan)
    i.__mathlib_dbl_underflow                0x08002438   Section        0  dunder.o(i.__mathlib_dbl_underflow)
    i.__scatterload_copy                     0x08002458   Section       14  handlers.o(i.__scatterload_copy)
    i.__scatterload_null                     0x08002466   Section        2  handlers.o(i.__scatterload_null)
    i.__scatterload_zeroinit                 0x08002468   Section       14  handlers.o(i.__scatterload_zeroinit)
    i.__set_errno                            0x08002478   Section        0  errno.o(i.__set_errno)
    i._fp_digits                             0x08002484   Section        0  printfa.o(i._fp_digits)
    _fp_digits                               0x08002485   Thumb Code   366  printfa.o(i._fp_digits)
    i._printf_core                           0x08002608   Section        0  printfa.o(i._printf_core)
    _printf_core                             0x08002609   Thumb Code  1744  printfa.o(i._printf_core)
    i._printf_post_padding                   0x08002ce4   Section        0  printfa.o(i._printf_post_padding)
    _printf_post_padding                     0x08002ce5   Thumb Code    36  printfa.o(i._printf_post_padding)
    i._printf_pre_padding                    0x08002d08   Section        0  printfa.o(i._printf_pre_padding)
    _printf_pre_padding                      0x08002d09   Thumb Code    46  printfa.o(i._printf_pre_padding)
    i.appLSM6DS3_CommonInit                  0x08002d36   Section        0  stm32f4xx_lsm6ds3.o(i.appLSM6DS3_CommonInit)
    i.appLSM6DS3_GetAcc                      0x08002d84   Section        0  stm32f4xx_lsm6ds3.o(i.appLSM6DS3_GetAcc)
    i.appLSM6DS3_GetAccData                  0x08002ec8   Section        0  stm32f4xx_lsm6ds3.o(i.appLSM6DS3_GetAccData)
    i.appLSM6DS3_GetGyro                     0x08002ef4   Section        0  stm32f4xx_lsm6ds3.o(i.appLSM6DS3_GetGyro)
    i.appLSM6DS3_GetGyroData                 0x0800305c   Section        0  stm32f4xx_lsm6ds3.o(i.appLSM6DS3_GetGyroData)
    i.appLSM6DS3_I2C_Init                    0x08003088   Section        0  stm32f4xx_lsm6ds3.o(i.appLSM6DS3_I2C_Init)
    i.appLSM6DS3_LowLevel_Init               0x080030ec   Section        0  stm32f4xx_lsm6ds3.o(i.appLSM6DS3_LowLevel_Init)
    i.appLSM6DS3_Read                        0x08003148   Section        0  stm32f4xx_lsm6ds3.o(i.appLSM6DS3_Read)
    i.appLSM6DS3_SelfTest                    0x0800315c   Section        0  stm32f4xx_lsm6ds3.o(i.appLSM6DS3_SelfTest)
    i.appLSM6DS3_SetACC                      0x0800316a   Section        0  stm32f4xx_lsm6ds3.o(i.appLSM6DS3_SetACC)
    i.appLSM6DS3_SetAccCalData               0x080031bc   Section        0  stm32f4xx_lsm6ds3.o(i.appLSM6DS3_SetAccCalData)
    i.appLSM6DS3_SetAccData                  0x080031d8   Section        0  stm32f4xx_lsm6ds3.o(i.appLSM6DS3_SetAccData)
    i.appLSM6DS3_SetGyro                     0x080031f4   Section        0  stm32f4xx_lsm6ds3.o(i.appLSM6DS3_SetGyro)
    i.appLSM6DS3_SetGyroCalData              0x08003250   Section        0  stm32f4xx_lsm6ds3.o(i.appLSM6DS3_SetGyroCalData)
    i.appLSM6DS3_SetGyroData                 0x0800326c   Section        0  stm32f4xx_lsm6ds3.o(i.appLSM6DS3_SetGyroData)
    i.appLSM6DS3_Setup                       0x08003288   Section        0  stm32f4xx_lsm6ds3.o(i.appLSM6DS3_Setup)
    i.appLSM6DS3_Write                       0x0800329c   Section        0  stm32f4xx_lsm6ds3.o(i.appLSM6DS3_Write)
    i.drvLSM6DS3_I2C_ReadAck                 0x080032b0   Section        0  stm32f4xx_lsm6ds3.o(i.drvLSM6DS3_I2C_ReadAck)
    i.drvLSM6DS3_I2C_ReadMulti               0x080032f0   Section        0  stm32f4xx_lsm6ds3.o(i.drvLSM6DS3_I2C_ReadMulti)
    i.drvLSM6DS3_I2C_ReadNack                0x08003344   Section        0  stm32f4xx_lsm6ds3.o(i.drvLSM6DS3_I2C_ReadNack)
    i.drvLSM6DS3_I2C_Start                   0x0800338c   Section        0  stm32f4xx_lsm6ds3.o(i.drvLSM6DS3_I2C_Start)
    i.drvLSM6DS3_I2C_Stop                    0x0800343c   Section        0  stm32f4xx_lsm6ds3.o(i.drvLSM6DS3_I2C_Stop)
    i.drvLSM6DS3_I2C_WriteData               0x08003490   Section        0  stm32f4xx_lsm6ds3.o(i.drvLSM6DS3_I2C_WriteData)
    i.drvLSM6DS3_I2C_WriteMulti              0x080034d0   Section        0  stm32f4xx_lsm6ds3.o(i.drvLSM6DS3_I2C_WriteMulti)
    i.fabs                                   0x0800350a   Section        0  fabs.o(i.fabs)
    i.fputc                                  0x08003524   Section        0  hw_config.o(i.fputc)
    i.kalman_filter                          0x08003548   Section        0  kalman_filter.o(i.kalman_filter)
    i.main                                   0x08003634   Section        0  main.o(i.main)
    .constdata                               0x0800365e   Section       16  mems_calculate.o(.constdata)
    __FUNCTION__                             0x0800365e   Data          16  mems_calculate.o(.constdata)
    .constdata                               0x08003670   Section      152  atan.o(.constdata)
    atanhi                                   0x08003670   Data          32  atan.o(.constdata)
    atanlo                                   0x08003690   Data          32  atan.o(.constdata)
    aTodd                                    0x080036b0   Data          40  atan.o(.constdata)
    aTeven                                   0x080036d8   Data          48  atan.o(.constdata)
    .conststring                             0x08003708   Section       78  hw_config.o(.conststring)
    .data                                    0x20000000   Section       20  system_stm32f4xx.o(.data)
    .data                                    0x20000014   Section       16  stm32f4xx_rcc.o(.data)
    APBAHBPrescTable                         0x20000014   Data          16  stm32f4xx_rcc.o(.data)
    .data                                    0x20000024   Section        8  hw_config.o(.data)
    .data                                    0x2000002c   Section        8  stm32f4xx_it.o(.data)
    .data                                    0x20000034   Section       28  stm32f4xx_lsm6ds3.o(.data)
    cLSM6DS3_ACCx                            0x20000034   Data           2  stm32f4xx_lsm6ds3.o(.data)
    cLSM6DS3_ACCy                            0x20000036   Data           2  stm32f4xx_lsm6ds3.o(.data)
    cLSM6DS3_ACCz                            0x20000038   Data           2  stm32f4xx_lsm6ds3.o(.data)
    cLSM6DS3_GYROx                           0x2000003a   Data           2  stm32f4xx_lsm6ds3.o(.data)
    cLSM6DS3_GYROy                           0x2000003c   Data           2  stm32f4xx_lsm6ds3.o(.data)
    cLSM6DS3_GYROz                           0x2000003e   Data           2  stm32f4xx_lsm6ds3.o(.data)
    LSM6DS3_ACCx                             0x20000040   Data           2  stm32f4xx_lsm6ds3.o(.data)
    LSM6DS3_ACCy                             0x20000042   Data           2  stm32f4xx_lsm6ds3.o(.data)
    LSM6DS3_ACCz                             0x20000044   Data           2  stm32f4xx_lsm6ds3.o(.data)
    LSM6DS3_GYROx                            0x20000046   Data           2  stm32f4xx_lsm6ds3.o(.data)
    LSM6DS3_GYROy                            0x20000048   Data           2  stm32f4xx_lsm6ds3.o(.data)
    LSM6DS3_GYROz                            0x2000004a   Data           2  stm32f4xx_lsm6ds3.o(.data)
    .data                                    0x20000050   Section        4  custom_button.o(.data)
    .data                                    0x20000054   Section      100  mems_calculate.o(.data)
    flag                                     0x20000055   Data           1  mems_calculate.o(.data)
    Cnt                                      0x20000056   Data           2  mems_calculate.o(.data)
    angle_dot                                0x2000006c   Data           4  mems_calculate.o(.data)
    f_angle                                  0x20000070   Data           4  mems_calculate.o(.data)
    f_angle_dot                              0x20000074   Data           4  mems_calculate.o(.data)
    .data                                    0x200000b8   Section        2  eeprom.o(.data)
    .data                                    0x200000bc   Section       60  kalman_filter.o(.data)
    angle                                    0x200000bc   Data           4  kalman_filter.o(.data)
    angle_dot                                0x200000c0   Data           4  kalman_filter.o(.data)
    q_bias                                   0x200000c4   Data           4  kalman_filter.o(.data)
    angle_err                                0x200000c8   Data           4  kalman_filter.o(.data)
    PCt_0                                    0x200000cc   Data           4  kalman_filter.o(.data)
    PCt_1                                    0x200000d0   Data           4  kalman_filter.o(.data)
    E                                        0x200000d4   Data           4  kalman_filter.o(.data)
    K_0                                      0x200000d8   Data           4  kalman_filter.o(.data)
    K_1                                      0x200000dc   Data           4  kalman_filter.o(.data)
    t_0                                      0x200000e0   Data           4  kalman_filter.o(.data)
    t_1                                      0x200000e4   Data           4  kalman_filter.o(.data)
    P                                        0x200000e8   Data          16  kalman_filter.o(.data)
    .data                                    0x200000f8   Section        4  stdout.o(.data)
    .data                                    0x200000fc   Section        4  errno.o(.data)
    _errno                                   0x200000fc   Data           4  errno.o(.data)
    .bss                                     0x20000100   Section      192  mems_calculate.o(.bss)
    .bss                                     0x200001c0   Section       16  kalman_filter.o(.bss)
    Pdot                                     0x200001c0   Data          16  kalman_filter.o(.bss)
    STACK                                    0x200001d0   Section     1024  startup_stm32f401xx.o(STACK)

    Global Symbols

    Symbol Name                              Value     Ov Type        Size  Object(Section)

    BuildAttributes$$THM_ISAv4$E$P$D$K$B$S$7EM$VFPi3$EXTD16$VFPS$VFMA$PE$A:L22UL41UL21$X:L11$S22US41US21$IEEE1$IW$USESV6$~STKCKD$USESV7$~SHL$OTIME$ROPI$IEEEX$EBA8$MICROLIB$REQ8$PRES8$EABIv2 0x00000000   Number         0  anon$$obj.o ABSOLUTE
    __ARM_use_no_argv                        0x00000000   Number         0  main.o ABSOLUTE
    _printf_a                                0x00000000   Number         0  stubs.o ABSOLUTE
    _printf_c                                0x00000000   Number         0  stubs.o ABSOLUTE
    _printf_charcount                        0x00000000   Number         0  stubs.o ABSOLUTE
    _printf_d                                0x00000000   Number         0  stubs.o ABSOLUTE
    _printf_e                                0x00000000   Number         0  stubs.o ABSOLUTE
    _printf_f                                0x00000000   Number         0  stubs.o ABSOLUTE
    _printf_flags                            0x00000000   Number         0  stubs.o ABSOLUTE
    _printf_fp_dec                           0x00000000   Number         0  stubs.o ABSOLUTE
    _printf_fp_hex                           0x00000000   Number         0  stubs.o ABSOLUTE
    _printf_g                                0x00000000   Number         0  stubs.o ABSOLUTE
    _printf_i                                0x00000000   Number         0  stubs.o ABSOLUTE
    _printf_int_dec                          0x00000000   Number         0  stubs.o ABSOLUTE
    _printf_l                                0x00000000   Number         0  stubs.o ABSOLUTE
    _printf_lc                               0x00000000   Number         0  stubs.o ABSOLUTE
    _printf_ll                               0x00000000   Number         0  stubs.o ABSOLUTE
    _printf_lld                              0x00000000   Number         0  stubs.o ABSOLUTE
    _printf_lli                              0x00000000   Number         0  stubs.o ABSOLUTE
    _printf_llo                              0x00000000   Number         0  stubs.o ABSOLUTE
    _printf_llu                              0x00000000   Number         0  stubs.o ABSOLUTE
    _printf_llx                              0x00000000   Number         0  stubs.o ABSOLUTE
    _printf_longlong_dec                     0x00000000   Number         0  stubs.o ABSOLUTE
    _printf_longlong_hex                     0x00000000   Number         0  stubs.o ABSOLUTE
    _printf_longlong_oct                     0x00000000   Number         0  stubs.o ABSOLUTE
    _printf_ls                               0x00000000   Number         0  stubs.o ABSOLUTE
    _printf_mbtowc                           0x00000000   Number         0  stubs.o ABSOLUTE
    _printf_n                                0x00000000   Number         0  stubs.o ABSOLUTE
    _printf_o                                0x00000000   Number         0  stubs.o ABSOLUTE
    _printf_p                                0x00000000   Number         0  stubs.o ABSOLUTE
    _printf_percent                          0x00000000   Number         0  stubs.o ABSOLUTE
    _printf_pre_padding                      0x00000000   Number         0  stubs.o ABSOLUTE
    _printf_return_value                     0x00000000   Number         0  stubs.o ABSOLUTE
    _printf_s                                0x00000000   Number         0  stubs.o ABSOLUTE
    _printf_sizespec                         0x00000000   Number         0  stubs.o ABSOLUTE
    _printf_str                              0x00000000   Number         0  stubs.o ABSOLUTE
    _printf_truncate_signed                  0x00000000   Number         0  stubs.o ABSOLUTE
    _printf_truncate_unsigned                0x00000000   Number         0  stubs.o ABSOLUTE
    _printf_u                                0x00000000   Number         0  stubs.o ABSOLUTE
    _printf_wc                               0x00000000   Number         0  stubs.o ABSOLUTE
    _printf_wctomb                           0x00000000   Number         0  stubs.o ABSOLUTE
    _printf_widthprec                        0x00000000   Number         0  stubs.o ABSOLUTE
    _printf_x                                0x00000000   Number         0  stubs.o ABSOLUTE
    __cpp_initialize__aeabi_                  - Undefined Weak Reference
    __cxa_finalize                            - Undefined Weak Reference
    __decompress                              - Undefined Weak Reference
    _clock_init                               - Undefined Weak Reference
    _microlib_exit                            - Undefined Weak Reference
    __Vectors_Size                           0x00000194   Number         0  startup_stm32f401xx.o ABSOLUTE
    __Vectors                                0x08000000   Data           4  startup_stm32f401xx.o(RESET)
    __Vectors_End                            0x08000194   Data           0  startup_stm32f401xx.o(RESET)
    __main                                   0x08000195   Thumb Code     0  entry.o(.ARM.Collect$$$$00000000)
    _main_stk                                0x08000195   Thumb Code     0  entry2.o(.ARM.Collect$$$$00000001)
    _main_scatterload                        0x08000199   Thumb Code     0  entry5.o(.ARM.Collect$$$$00000004)
    __main_after_scatterload                 0x0800019d   Thumb Code     0  entry5.o(.ARM.Collect$$$$00000004)
    _main_clock                              0x0800019d   Thumb Code     0  entry7b.o(.ARM.Collect$$$$00000008)
    _main_cpp_init                           0x0800019d   Thumb Code     0  entry8b.o(.ARM.Collect$$$$0000000A)
    _main_init                               0x0800019d   Thumb Code     0  entry9a.o(.ARM.Collect$$$$0000000B)
    __rt_final_cpp                           0x080001a5   Thumb Code     0  entry10a.o(.ARM.Collect$$$$0000000D)
    __rt_final_exit                          0x080001a5   Thumb Code     0  entry11a.o(.ARM.Collect$$$$0000000F)
    Reset_Handler                            0x080001a9   Thumb Code     8  startup_stm32f401xx.o(.text)
    ADC_IRQHandler                           0x080001c3   Thumb Code     0  startup_stm32f401xx.o(.text)
    DMA1_Stream0_IRQHandler                  0x080001c3   Thumb Code     0  startup_stm32f401xx.o(.text)
    DMA1_Stream1_IRQHandler                  0x080001c3   Thumb Code     0  startup_stm32f401xx.o(.text)
    DMA1_Stream2_IRQHandler                  0x080001c3   Thumb Code     0  startup_stm32f401xx.o(.text)
    DMA1_Stream3_IRQHandler                  0x080001c3   Thumb Code     0  startup_stm32f401xx.o(.text)
    DMA1_Stream4_IRQHandler                  0x080001c3   Thumb Code     0  startup_stm32f401xx.o(.text)
    DMA1_Stream5_IRQHandler                  0x080001c3   Thumb Code     0  startup_stm32f401xx.o(.text)
    DMA1_Stream6_IRQHandler                  0x080001c3   Thumb Code     0  startup_stm32f401xx.o(.text)
    DMA1_Stream7_IRQHandler                  0x080001c3   Thumb Code     0  startup_stm32f401xx.o(.text)
    DMA2_Stream0_IRQHandler                  0x080001c3   Thumb Code     0  startup_stm32f401xx.o(.text)
    DMA2_Stream1_IRQHandler                  0x080001c3   Thumb Code     0  startup_stm32f401xx.o(.text)
    DMA2_Stream2_IRQHandler                  0x080001c3   Thumb Code     0  startup_stm32f401xx.o(.text)
    DMA2_Stream3_IRQHandler                  0x080001c3   Thumb Code     0  startup_stm32f401xx.o(.text)
    DMA2_Stream4_IRQHandler                  0x080001c3   Thumb Code     0  startup_stm32f401xx.o(.text)
    DMA2_Stream5_IRQHandler                  0x080001c3   Thumb Code     0  startup_stm32f401xx.o(.text)
    DMA2_Stream6_IRQHandler                  0x080001c3   Thumb Code     0  startup_stm32f401xx.o(.text)
    DMA2_Stream7_IRQHandler                  0x080001c3   Thumb Code     0  startup_stm32f401xx.o(.text)
    EXTI0_IRQHandler                         0x080001c3   Thumb Code     0  startup_stm32f401xx.o(.text)
    EXTI15_10_IRQHandler                     0x080001c3   Thumb Code     0  startup_stm32f401xx.o(.text)
    EXTI1_IRQHandler                         0x080001c3   Thumb Code     0  startup_stm32f401xx.o(.text)
    EXTI2_IRQHandler                         0x080001c3   Thumb Code     0  startup_stm32f401xx.o(.text)
    EXTI3_IRQHandler                         0x080001c3   Thumb Code     0  startup_stm32f401xx.o(.text)
    EXTI4_IRQHandler                         0x080001c3   Thumb Code     0  startup_stm32f401xx.o(.text)
    EXTI9_5_IRQHandler                       0x080001c3   Thumb Code     0  startup_stm32f401xx.o(.text)
    FLASH_IRQHandler                         0x080001c3   Thumb Code     0  startup_stm32f401xx.o(.text)
    FPU_IRQHandler                           0x080001c3   Thumb Code     0  startup_stm32f401xx.o(.text)
    I2C1_ER_IRQHandler                       0x080001c3   Thumb Code     0  startup_stm32f401xx.o(.text)
    I2C1_EV_IRQHandler                       0x080001c3   Thumb Code     0  startup_stm32f401xx.o(.text)
    I2C2_ER_IRQHandler                       0x080001c3   Thumb Code     0  startup_stm32f401xx.o(.text)
    I2C2_EV_IRQHandler                       0x080001c3   Thumb Code     0  startup_stm32f401xx.o(.text)
    I2C3_ER_IRQHandler                       0x080001c3   Thumb Code     0  startup_stm32f401xx.o(.text)
    I2C3_EV_IRQHandler                       0x080001c3   Thumb Code     0  startup_stm32f401xx.o(.text)
    OTG_FS_IRQHandler                        0x080001c3   Thumb Code     0  startup_stm32f401xx.o(.text)
    OTG_FS_WKUP_IRQHandler                   0x080001c3   Thumb Code     0  startup_stm32f401xx.o(.text)
    PVD_IRQHandler                           0x080001c3   Thumb Code     0  startup_stm32f401xx.o(.text)
    RCC_IRQHandler                           0x080001c3   Thumb Code     0  startup_stm32f401xx.o(.text)
    RTC_Alarm_IRQHandler                     0x080001c3   Thumb Code     0  startup_stm32f401xx.o(.text)
    RTC_WKUP_IRQHandler                      0x080001c3   Thumb Code     0  startup_stm32f401xx.o(.text)
    SDIO_IRQHandler                          0x080001c3   Thumb Code     0  startup_stm32f401xx.o(.text)
    SPI1_IRQHandler                          0x080001c3   Thumb Code     0  startup_stm32f401xx.o(.text)
    SPI2_IRQHandler                          0x080001c3   Thumb Code     0  startup_stm32f401xx.o(.text)
    SPI3_IRQHandler                          0x080001c3   Thumb Code     0  startup_stm32f401xx.o(.text)
    SPI4_IRQHandler                          0x080001c3   Thumb Code     0  startup_stm32f401xx.o(.text)
    TAMP_STAMP_IRQHandler                    0x080001c3   Thumb Code     0  startup_stm32f401xx.o(.text)
    TIM1_BRK_TIM9_IRQHandler                 0x080001c3   Thumb Code     0  startup_stm32f401xx.o(.text)
    TIM1_CC_IRQHandler                       0x080001c3   Thumb Code     0  startup_stm32f401xx.o(.text)
    TIM1_TRG_COM_TIM11_IRQHandler            0x080001c3   Thumb Code     0  startup_stm32f401xx.o(.text)
    TIM1_UP_TIM10_IRQHandler                 0x080001c3   Thumb Code     0  startup_stm32f401xx.o(.text)
    TIM4_IRQHandler                          0x080001c3   Thumb Code     0  startup_stm32f401xx.o(.text)
    TIM5_IRQHandler                          0x080001c3   Thumb Code     0  startup_stm32f401xx.o(.text)
    USART1_IRQHandler                        0x080001c3   Thumb Code     0  startup_stm32f401xx.o(.text)
    USART6_IRQHandler                        0x080001c3   Thumb Code     0  startup_stm32f401xx.o(.text)
    WWDG_IRQHandler                          0x080001c3   Thumb Code     0  startup_stm32f401xx.o(.text)
    __aeabi_dmul                             0x080001cd   Thumb Code   228  dmul.o(.text)
    __aeabi_f2d                              0x080002b1   Thumb Code    38  f2d.o(.text)
    __aeabi_cdrcmple                         0x080002d9   Thumb Code    48  cdrcmple.o(.text)
    __aeabi_d2f                              0x08000309   Thumb Code    56  d2f.o(.text)
    __aeabi_uidiv                            0x08000341   Thumb Code     0  uidiv.o(.text)
    __aeabi_uidivmod                         0x08000341   Thumb Code    44  uidiv.o(.text)
    __aeabi_uldivmod                         0x0800036d   Thumb Code    98  uldiv.o(.text)
    __aeabi_llsr                             0x080003cf   Thumb Code    32  llushr.o(.text)
    _ll_ushift_r                             0x080003cf   Thumb Code     0  llushr.o(.text)
    __I$use$fp                               0x080003ef   Thumb Code     0  iusefp.o(.text)
    _float_round                             0x080003ef   Thumb Code    18  fepilogue.o(.text)
    _float_epilogue                          0x08000401   Thumb Code    92  fepilogue.o(.text)
    _double_round                            0x0800045d   Thumb Code    30  depilogue.o(.text)
    _double_epilogue                         0x0800047b   Thumb Code   156  depilogue.o(.text)
    __aeabi_dadd                             0x08000517   Thumb Code   322  dadd.o(.text)
    __aeabi_dsub                             0x08000659   Thumb Code     6  dadd.o(.text)
    __aeabi_drsub                            0x0800065f   Thumb Code     6  dadd.o(.text)
    __aeabi_ddiv                             0x08000665   Thumb Code   222  ddiv.o(.text)
    _dsqrt                                   0x08000743   Thumb Code   162  dsqrt.o(.text)
    __aeabi_d2ulz                            0x080007e5   Thumb Code    48  dfixul.o(.text)
    __scatterload                            0x08000815   Thumb Code    28  init.o(.text)
    __scatterload_rt2                        0x08000815   Thumb Code     0  init.o(.text)
    __aeabi_llsl                             0x08000839   Thumb Code    30  llshl.o(.text)
    _ll_shift_l                              0x08000839   Thumb Code     0  llshl.o(.text)
    __aeabi_lasr                             0x08000857   Thumb Code    36  llsshr.o(.text)
    _ll_sshift_r                             0x08000857   Thumb Code     0  llsshr.o(.text)
    Accelerator_Calibration                  0x0800087d   Thumb Code   206  mems_calculate.o(i.Accelerator_Calibration)
    Accelerator_filter                       0x08000951   Thumb Code   148  mems_calculate.o(i.Accelerator_filter)
    BusFault_Handler                         0x080009ed   Thumb Code     2  stm32f4xx_it.o(i.BusFault_Handler)
    Button_Procedure                         0x080009f1   Thumb Code    62  hw_config.o(i.Button_Procedure)
    Custom_Button4PressedLong                0x08000a49   Thumb Code    50  custom_button.o(i.Custom_Button4PressedLong)
    Custom_Button4PressedOnce                0x08000a85   Thumb Code     6  custom_button.o(i.Custom_Button4PressedOnce)
    Custom_Button4Read                       0x08000a91   Thumb Code    34  custom_button.o(i.Custom_Button4Read)
    Custom_ButtonConfig                      0x08000abd   Thumb Code    46  custom_button.o(i.Custom_ButtonConfig)
    Custom_ButtonDebounce                    0x08000af1   Thumb Code    10  custom_button.o(i.Custom_ButtonDebounce)
    Custom_ButtonScan                        0x08000b01   Thumb Code     4  custom_button.o(i.Custom_ButtonScan)
    DebugMon_Handler                         0x08000b05   Thumb Code     2  stm32f4xx_it.o(i.DebugMon_Handler)
    EE_Init                                  0x08000b71   Thumb Code   274  eeprom.o(i.EE_Init)
    EE_ReadVariable                          0x08000d31   Thumb Code    64  eeprom.o(i.EE_ReadVariable)
    EE_WriteVariable                         0x08000dc9   Thumb Code    28  eeprom.o(i.EE_WriteVariable)
    EmulateEEP_Init                          0x08000de5   Thumb Code    22  mems_calculate.o(i.EmulateEEP_Init)
    FLASH_EraseSector                        0x08000e09   Thumb Code   104  stm32f4xx_flash.o(i.FLASH_EraseSector)
    FLASH_GetStatus                          0x08000e75   Thumb Code    56  stm32f4xx_flash.o(i.FLASH_GetStatus)
    FLASH_Lock                               0x08000eb1   Thumb Code    12  stm32f4xx_flash.o(i.FLASH_Lock)
    FLASH_ProgramHalfWord                    0x08000ec1   Thumb Code    56  stm32f4xx_flash.o(i.FLASH_ProgramHalfWord)
    FLASH_Unlock                             0x08000efd   Thumb Code    22  stm32f4xx_flash.o(i.FLASH_Unlock)
    FLASH_WaitForLastOperation               0x08000f21   Thumb Code    30  stm32f4xx_flash.o(i.FLASH_WaitForLastOperation)
    GPIO_Init                                0x08000f3f   Thumb Code   162  stm32f4xx_gpio.o(i.GPIO_Init)
    GPIO_PinAFConfig                         0x08000fe1   Thumb Code    32  stm32f4xx_gpio.o(i.GPIO_PinAFConfig)
    GPIO_ReadInputDataBit                    0x08001001   Thumb Code    14  stm32f4xx_gpio.o(i.GPIO_ReadInputDataBit)
    GPIO_ToggleBits                          0x0800100f   Thumb Code     8  stm32f4xx_gpio.o(i.GPIO_ToggleBits)
    Gyroscope_Calibration                    0x08001019   Thumb Code   168  mems_calculate.o(i.Gyroscope_Calibration)
    Gyroscope_filter                         0x080010c5   Thumb Code   148  mems_calculate.o(i.Gyroscope_filter)
    HardFault_Handler                        0x08001161   Thumb Code     2  stm32f4xx_it.o(i.HardFault_Handler)
    I2C_AcknowledgeConfig                    0x08001163   Thumb Code    20  stm32f4xx_i2c.o(i.I2C_AcknowledgeConfig)
    I2C_CheckEvent                           0x08001177   Thumb Code    24  stm32f4xx_i2c.o(i.I2C_CheckEvent)
    I2C_Cmd                                  0x0800118f   Thumb Code    20  stm32f4xx_i2c.o(i.I2C_Cmd)
    I2C_DeInit                               0x080011a5   Thumb Code    56  stm32f4xx_i2c.o(i.I2C_DeInit)
    I2C_GenerateSTART                        0x080011e9   Thumb Code    20  stm32f4xx_i2c.o(i.I2C_GenerateSTART)
    I2C_GenerateSTOP                         0x080011fd   Thumb Code    20  stm32f4xx_i2c.o(i.I2C_GenerateSTOP)
    I2C_GetFlagStatus                        0x08001211   Thumb Code    42  stm32f4xx_i2c.o(i.I2C_GetFlagStatus)
    I2C_Init                                 0x0800123d   Thumb Code   174  stm32f4xx_i2c.o(i.I2C_Init)
    I2C_ReceiveData                          0x080012f5   Thumb Code     6  stm32f4xx_i2c.o(i.I2C_ReceiveData)
    I2C_Send7bitAddress                      0x080012fb   Thumb Code    16  stm32f4xx_i2c.o(i.I2C_Send7bitAddress)
    I2C_SendData                             0x0800130b   Thumb Code     4  stm32f4xx_i2c.o(i.I2C_SendData)
    I2C_SoftwareResetCmd                     0x0800130f   Thumb Code    20  stm32f4xx_i2c.o(i.I2C_SoftwareResetCmd)
    LED_Config                               0x08001325   Thumb Code    46  hw_config.o(i.LED_Config)
    MEMS_Calibration                         0x08001359   Thumb Code   466  mems_calculate.o(i.MEMS_Calibration)
    MemManage_Handler                        0x08001531   Thumb Code     2  stm32f4xx_it.o(i.MemManage_Handler)
    NMI_Handler                              0x08001533   Thumb Code     2  stm32f4xx_it.o(i.NMI_Handler)
    NVIC_Init                                0x08001535   Thumb Code    96  misc.o(i.NVIC_Init)
    PendSV_Handler                           0x080015b9   Thumb Code     2  stm32f4xx_it.o(i.PendSV_Handler)
    PollingProcedure                         0x080015bb   Thumb Code    30  hw_config.o(i.PollingProcedure)
    RCC_AHB1PeriphClockCmd                   0x080015d9   Thumb Code    18  stm32f4xx_rcc.o(i.RCC_AHB1PeriphClockCmd)
    RCC_APB1PeriphClockCmd                   0x080015f1   Thumb Code    18  stm32f4xx_rcc.o(i.RCC_APB1PeriphClockCmd)
    RCC_APB1PeriphResetCmd                   0x08001609   Thumb Code    18  stm32f4xx_rcc.o(i.RCC_APB1PeriphResetCmd)
    RCC_GetClocksFreq                        0x08001621   Thumb Code   132  stm32f4xx_rcc.o(i.RCC_GetClocksFreq)
    RCC_PCLK1Config                          0x080016b1   Thumb Code    14  stm32f4xx_rcc.o(i.RCC_PCLK1Config)
    SVC_Handler                              0x080016c5   Thumb Code     2  stm32f4xx_it.o(i.SVC_Handler)
    SysTickConfig                            0x08001779   Thumb Code   102  hw_config.o(i.SysTickConfig)
    SysTick_Handler                          0x08001851   Thumb Code     2  stm32f4xx_it.o(i.SysTick_Handler)
    SystemInit                               0x08001855   Thumb Code    74  system_stm32f4xx.o(i.SystemInit)
    TIM2_Config                              0x080018b1   Thumb Code    98  hw_config.o(i.TIM2_Config)
    TIM2_IRQHandler                          0x08001913   Thumb Code    42  stm32f4xx_it.o(i.TIM2_IRQHandler)
    TIM3_Config                              0x0800193d   Thumb Code    96  hw_config.o(i.TIM3_Config)
    TIM3_IRQHandler                          0x080019a1   Thumb Code    60  stm32f4xx_it.o(i.TIM3_IRQHandler)
    TIM_ClearITPendingBit                    0x080019e9   Thumb Code     6  stm32f4xx_tim.o(i.TIM_ClearITPendingBit)
    TIM_Cmd                                  0x080019ef   Thumb Code    20  stm32f4xx_tim.o(i.TIM_Cmd)
    TIM_GetITStatus                          0x08001a03   Thumb Code    24  stm32f4xx_tim.o(i.TIM_GetITStatus)
    TIM_ITConfig                             0x08001a1b   Thumb Code    16  stm32f4xx_tim.o(i.TIM_ITConfig)
    TIM_TimeBaseInit                         0x08001a2d   Thumb Code    96  stm32f4xx_tim.o(i.TIM_TimeBaseInit)
    Tilt_Angle_Calculate                     0x08001aa9   Thumb Code   394  mems_calculate.o(i.Tilt_Angle_Calculate)
    TimingDelay_Decrement                    0x08001ca1   Thumb Code    16  hw_config.o(i.TimingDelay_Decrement)
    USART2_IRQHandler                        0x08001cb5   Thumb Code    60  stm32f4xx_it.o(i.USART2_IRQHandler)
    USART_ClearITPendingBit                  0x08001d0d   Thumb Code    12  stm32f4xx_usart.o(i.USART_ClearITPendingBit)
    USART_Cmd                                0x08001d19   Thumb Code    20  stm32f4xx_usart.o(i.USART_Cmd)
    USART_Config                             0x08001d2d   Thumb Code   196  hw_config.o(i.USART_Config)
    USART_GetFlagStatus                      0x08001dfd   Thumb Code    14  stm32f4xx_usart.o(i.USART_GetFlagStatus)
    USART_GetITStatus                        0x08001e0b   Thumb Code    62  stm32f4xx_usart.o(i.USART_GetITStatus)
    USART_ITConfig                           0x08001e49   Thumb Code    48  stm32f4xx_usart.o(i.USART_ITConfig)
    USART_Init                               0x08001e79   Thumb Code   164  stm32f4xx_usart.o(i.USART_Init)
    USART_ReceiveData                        0x08001f25   Thumb Code     8  stm32f4xx_usart.o(i.USART_ReceiveData)
    USART_SendData                           0x08001f2d   Thumb Code     8  stm32f4xx_usart.o(i.USART_SendData)
    USART_Test                               0x08001f35   Thumb Code    64  hw_config.o(i.USART_Test)
    UsageFault_Handler                       0x08001f85   Thumb Code     2  stm32f4xx_it.o(i.UsageFault_Handler)
    __0printf                                0x08001f89   Thumb Code    22  printfa.o(i.__0printf)
    __1printf                                0x08001f89   Thumb Code     0  printfa.o(i.__0printf)
    __2printf                                0x08001f89   Thumb Code     0  printfa.o(i.__0printf)
    __c89printf                              0x08001f89   Thumb Code     0  printfa.o(i.__0printf)
    printf                                   0x08001f89   Thumb Code     0  printfa.o(i.__0printf)
    __ARM_fpclassify                         0x08001fa9   Thumb Code    48  fpclassify.o(i.__ARM_fpclassify)
    __hardfp_atan                            0x08001fd9   Thumb Code   622  atan.o(i.__hardfp_atan)
    __hardfp_sqrt                            0x080022b1   Thumb Code   122  sqrt.o(i.__hardfp_sqrt)
    __kernel_poly                            0x0800232b   Thumb Code   248  poly.o(i.__kernel_poly)
    __mathlib_dbl_infnan                     0x08002423   Thumb Code    20  dunder.o(i.__mathlib_dbl_infnan)
    __mathlib_dbl_underflow                  0x08002439   Thumb Code    24  dunder.o(i.__mathlib_dbl_underflow)
    __scatterload_copy                       0x08002459   Thumb Code    14  handlers.o(i.__scatterload_copy)
    __scatterload_null                       0x08002467   Thumb Code     2  handlers.o(i.__scatterload_null)
    __scatterload_zeroinit                   0x08002469   Thumb Code    14  handlers.o(i.__scatterload_zeroinit)
    __set_errno                              0x08002479   Thumb Code     6  errno.o(i.__set_errno)
    appLSM6DS3_CommonInit                    0x08002d37   Thumb Code    76  stm32f4xx_lsm6ds3.o(i.appLSM6DS3_CommonInit)
    appLSM6DS3_GetAcc                        0x08002d85   Thumb Code   306  stm32f4xx_lsm6ds3.o(i.appLSM6DS3_GetAcc)
    appLSM6DS3_GetAccData                    0x08002ec9   Thumb Code    40  stm32f4xx_lsm6ds3.o(i.appLSM6DS3_GetAccData)
    appLSM6DS3_GetGyro                       0x08002ef5   Thumb Code   340  stm32f4xx_lsm6ds3.o(i.appLSM6DS3_GetGyro)
    appLSM6DS3_GetGyroData                   0x0800305d   Thumb Code    40  stm32f4xx_lsm6ds3.o(i.appLSM6DS3_GetGyroData)
    appLSM6DS3_I2C_Init                      0x08003089   Thumb Code    92  stm32f4xx_lsm6ds3.o(i.appLSM6DS3_I2C_Init)
    appLSM6DS3_LowLevel_Init                 0x080030ed   Thumb Code    86  stm32f4xx_lsm6ds3.o(i.appLSM6DS3_LowLevel_Init)
    appLSM6DS3_Read                          0x08003149   Thumb Code    16  stm32f4xx_lsm6ds3.o(i.appLSM6DS3_Read)
    appLSM6DS3_SelfTest                      0x0800315d   Thumb Code    14  stm32f4xx_lsm6ds3.o(i.appLSM6DS3_SelfTest)
    appLSM6DS3_SetACC                        0x0800316b   Thumb Code    80  stm32f4xx_lsm6ds3.o(i.appLSM6DS3_SetACC)
    appLSM6DS3_SetAccCalData                 0x080031bd   Thumb Code    24  stm32f4xx_lsm6ds3.o(i.appLSM6DS3_SetAccCalData)
    appLSM6DS3_SetAccData                    0x080031d9   Thumb Code    24  stm32f4xx_lsm6ds3.o(i.appLSM6DS3_SetAccData)
    appLSM6DS3_SetGyro                       0x080031f5   Thumb Code    92  stm32f4xx_lsm6ds3.o(i.appLSM6DS3_SetGyro)
    appLSM6DS3_SetGyroCalData                0x08003251   Thumb Code    24  stm32f4xx_lsm6ds3.o(i.appLSM6DS3_SetGyroCalData)
    appLSM6DS3_SetGyroData                   0x0800326d   Thumb Code    24  stm32f4xx_lsm6ds3.o(i.appLSM6DS3_SetGyroData)
    appLSM6DS3_Setup                         0x08003289   Thumb Code    18  stm32f4xx_lsm6ds3.o(i.appLSM6DS3_Setup)
    appLSM6DS3_Write                         0x0800329d   Thumb Code    16  stm32f4xx_lsm6ds3.o(i.appLSM6DS3_Write)
    drvLSM6DS3_I2C_ReadAck                   0x080032b1   Thumb Code    54  stm32f4xx_lsm6ds3.o(i.drvLSM6DS3_I2C_ReadAck)
    drvLSM6DS3_I2C_ReadMulti                 0x080032f1   Thumb Code    84  stm32f4xx_lsm6ds3.o(i.drvLSM6DS3_I2C_ReadMulti)
    drvLSM6DS3_I2C_ReadNack                  0x08003345   Thumb Code    62  stm32f4xx_lsm6ds3.o(i.drvLSM6DS3_I2C_ReadNack)
    drvLSM6DS3_I2C_Start                     0x0800338d   Thumb Code   164  stm32f4xx_lsm6ds3.o(i.drvLSM6DS3_I2C_Start)
    drvLSM6DS3_I2C_Stop                      0x0800343d   Thumb Code    76  stm32f4xx_lsm6ds3.o(i.drvLSM6DS3_I2C_Stop)
    drvLSM6DS3_I2C_WriteData                 0x08003491   Thumb Code    54  stm32f4xx_lsm6ds3.o(i.drvLSM6DS3_I2C_WriteData)
    drvLSM6DS3_I2C_WriteMulti                0x080034d1   Thumb Code    58  stm32f4xx_lsm6ds3.o(i.drvLSM6DS3_I2C_WriteMulti)
    fabs                                     0x0800350b   Thumb Code    24  fabs.o(i.fabs)
    fputc                                    0x08003525   Thumb Code    30  hw_config.o(i.fputc)
    kalman_filter                            0x08003549   Thumb Code   220  kalman_filter.o(i.kalman_filter)
    main                                     0x08003635   Thumb Code    42  main.o(i.main)
    Region$$Table$$Base                      0x08003758   Number         0  anon$$obj.o(Region$$Table)
    Region$$Table$$Limit                     0x08003778   Number         0  anon$$obj.o(Region$$Table)
    SystemCoreClock                          0x20000000   Data           4  system_stm32f4xx.o(.data)
    AHBPrescTable                            0x20000004   Data          16  system_stm32f4xx.o(.data)
    UartRxBuffer                             0x20000024   Data           1  hw_config.o(.data)
    UartRxFlag                               0x20000025   Data           1  hw_config.o(.data)
    Flag_Button                              0x20000026   Data           1  hw_config.o(.data)
    uwTimingDelay                            0x20000028   Data           4  hw_config.o(.data)
    TIM3_Counter                             0x2000002c   Data           4  stm32f4xx_it.o(.data)
    TIM3_1000ms                              0x20000030   Data           4  stm32f4xx_it.o(.data)
    LSM6DS3_Timeout                          0x2000004c   Data           4  stm32f4xx_lsm6ds3.o(.data)
    BTNState4                                0x20000050   Data           4  custom_button.o(.data)
    Flag_Calibrate                           0x20000054   Data           1  mems_calculate.o(.data)
    gx                                       0x20000058   Data           2  mems_calculate.o(.data)
    gy                                       0x2000005a   Data           2  mems_calculate.o(.data)
    gz                                       0x2000005c   Data           2  mems_calculate.o(.data)
    ax                                       0x2000005e   Data           2  mems_calculate.o(.data)
    ay                                       0x20000060   Data           2  mems_calculate.o(.data)
    az                                       0x20000062   Data           2  mems_calculate.o(.data)
    RollAng                                  0x20000064   Data           4  mems_calculate.o(.data)
    PitchAng                                 0x20000068   Data           4  mems_calculate.o(.data)
    VirtAddVarTab                            0x20000078   Data          64  mems_calculate.o(.data)
    DataVar                                  0x200000b8   Data           2  eeprom.o(.data)
    __stdout                                 0x200000f8   Data           4  stdout.o(.data)
    ax_buf                                   0x20000100   Data          32  mems_calculate.o(.bss)
    ay_buf                                   0x20000120   Data          32  mems_calculate.o(.bss)
    az_buf                                   0x20000140   Data          32  mems_calculate.o(.bss)
    gx_buf                                   0x20000160   Data          32  mems_calculate.o(.bss)
    gy_buf                                   0x20000180   Data          32  mems_calculate.o(.bss)
    gz_buf                                   0x200001a0   Data          32  mems_calculate.o(.bss)
    __initial_sp                             0x200005d0   Data           0  startup_stm32f401xx.o(STACK)



==============================================================================

Memory Map of the image

  Image Entry point : 0x08000195

  Load Region LR_IROM1 (Base: 0x08000000, Size: 0x00003878, Max: 0x00080000, ABSOLUTE)

    Execution Region ER_IROM1 (Base: 0x08000000, Size: 0x00003778, Max: 0x00080000, ABSOLUTE)

    Base Addr    Size         Type   Attr      Idx    E Section Name        Object

    0x08000000   0x00000194   Data   RO          126    RESET               startup_stm32f401xx.o
    0x08000194   0x00000000   Code   RO         5585  * .ARM.Collect$$$$00000000  mc_w.l(entry.o)
    0x08000194   0x00000004   Code   RO         5888    .ARM.Collect$$$$00000001  mc_w.l(entry2.o)
    0x08000198   0x00000004   Code   RO         5891    .ARM.Collect$$$$00000004  mc_w.l(entry5.o)
    0x0800019c   0x00000000   Code   RO         5893    .ARM.Collect$$$$00000008  mc_w.l(entry7b.o)
    0x0800019c   0x00000000   Code   RO         5895    .ARM.Collect$$$$0000000A  mc_w.l(entry8b.o)
    0x0800019c   0x00000008   Code   RO         5896    .ARM.Collect$$$$0000000B  mc_w.l(entry9a.o)
    0x080001a4   0x00000000   Code   RO         5898    .ARM.Collect$$$$0000000D  mc_w.l(entry10a.o)
    0x080001a4   0x00000000   Code   RO         5900    .ARM.Collect$$$$0000000F  mc_w.l(entry11a.o)
    0x080001a4   0x00000004   Code   RO         5889    .ARM.Collect$$$$00002712  mc_w.l(entry2.o)
    0x080001a8   0x00000024   Code   RO          127    .text               startup_stm32f401xx.o
    0x080001cc   0x000000e4   Code   RO         5851    .text               mf_w.l(dmul.o)
    0x080002b0   0x00000026   Code   RO         5857    .text               mf_w.l(f2d.o)
    0x080002d6   0x00000002   PAD
    0x080002d8   0x00000030   Code   RO         5859    .text               mf_w.l(cdrcmple.o)
    0x08000308   0x00000038   Code   RO         5861    .text               mf_w.l(d2f.o)
    0x08000340   0x0000002c   Code   RO         5903    .text               mc_w.l(uidiv.o)
    0x0800036c   0x00000062   Code   RO         5905    .text               mc_w.l(uldiv.o)
    0x080003ce   0x00000020   Code   RO         5907    .text               mc_w.l(llushr.o)
    0x080003ee   0x00000000   Code   RO         5916    .text               mc_w.l(iusefp.o)
    0x080003ee   0x0000006e   Code   RO         5917    .text               mf_w.l(fepilogue.o)
    0x0800045c   0x000000ba   Code   RO         5919    .text               mf_w.l(depilogue.o)
    0x08000516   0x0000014e   Code   RO         5921    .text               mf_w.l(dadd.o)
    0x08000664   0x000000de   Code   RO         5923    .text               mf_w.l(ddiv.o)
    0x08000742   0x000000a2   Code   RO         5929    .text               mf_w.l(dsqrt.o)
    0x080007e4   0x00000030   Code   RO         5931    .text               mf_w.l(dfixul.o)
    0x08000814   0x00000024   Code   RO         5935    .text               mc_w.l(init.o)
    0x08000838   0x0000001e   Code   RO         5937    .text               mc_w.l(llshl.o)
    0x08000856   0x00000024   Code   RO         5939    .text               mc_w.l(llsshr.o)
    0x0800087a   0x00000002   PAD
    0x0800087c   0x000000d4   Code   RO         5368    i.Accelerator_Calibration  mems_calculate.o
    0x08000950   0x0000009c   Code   RO         5369    i.Accelerator_filter  mems_calculate.o
    0x080009ec   0x00000002   Code   RO         5013    i.BusFault_Handler  stm32f4xx_it.o
    0x080009ee   0x00000002   PAD
    0x080009f0   0x00000058   Code   RO         4765    i.Button_Procedure  hw_config.o
    0x08000a48   0x0000003c   Code   RO         5308    i.Custom_Button4PressedLong  custom_button.o
    0x08000a84   0x0000000c   Code   RO         5309    i.Custom_Button4PressedOnce  custom_button.o
    0x08000a90   0x0000002c   Code   RO         5310    i.Custom_Button4Read  custom_button.o
    0x08000abc   0x00000034   Code   RO         5311    i.Custom_ButtonConfig  custom_button.o
    0x08000af0   0x00000010   Code   RO         5312    i.Custom_ButtonDebounce  custom_button.o
    0x08000b00   0x00000004   Code   RO         5313    i.Custom_ButtonScan  custom_button.o
    0x08000b04   0x00000002   Code   RO         5014    i.DebugMon_Handler  stm32f4xx_it.o
    0x08000b06   0x00000002   PAD
    0x08000b08   0x0000003c   Code   RO         5443    i.EE_FindValidPage  eeprom.o
    0x08000b44   0x0000002c   Code   RO         5444    i.EE_Format         eeprom.o
    0x08000b70   0x00000124   Code   RO         5445    i.EE_Init           eeprom.o
    0x08000c94   0x0000009c   Code   RO         5446    i.EE_PageTransfer   eeprom.o
    0x08000d30   0x00000048   Code   RO         5447    i.EE_ReadVariable   eeprom.o
    0x08000d78   0x00000050   Code   RO         5448    i.EE_VerifyPageFullWriteVariable  eeprom.o
    0x08000dc8   0x0000001c   Code   RO         5449    i.EE_WriteVariable  eeprom.o
    0x08000de4   0x00000024   Code   RO         5370    i.EmulateEEP_Init   mems_calculate.o
    0x08000e08   0x0000006c   Code   RO         1520    i.FLASH_EraseSector  stm32f4xx_flash.o
    0x08000e74   0x0000003c   Code   RO         1522    i.FLASH_GetStatus   stm32f4xx_flash.o
    0x08000eb0   0x00000010   Code   RO         1526    i.FLASH_Lock        stm32f4xx_flash.o
    0x08000ec0   0x0000003c   Code   RO         1549    i.FLASH_ProgramHalfWord  stm32f4xx_flash.o
    0x08000efc   0x00000024   Code   RO         1552    i.FLASH_Unlock      stm32f4xx_flash.o
    0x08000f20   0x0000001e   Code   RO         1553    i.FLASH_WaitForLastOperation  stm32f4xx_flash.o
    0x08000f3e   0x000000a2   Code   RO         1773    i.GPIO_Init         stm32f4xx_gpio.o
    0x08000fe0   0x00000020   Code   RO         1774    i.GPIO_PinAFConfig  stm32f4xx_gpio.o
    0x08001000   0x0000000e   Code   RO         1777    i.GPIO_ReadInputDataBit  stm32f4xx_gpio.o
    0x0800100e   0x00000008   Code   RO         1783    i.GPIO_ToggleBits   stm32f4xx_gpio.o
    0x08001016   0x00000002   PAD
    0x08001018   0x000000ac   Code   RO         5372    i.Gyroscope_Calibration  mems_calculate.o
    0x080010c4   0x0000009c   Code   RO         5373    i.Gyroscope_filter  mems_calculate.o
    0x08001160   0x00000002   Code   RO         5015    i.HardFault_Handler  stm32f4xx_it.o
    0x08001162   0x00000014   Code   RO         2064    i.I2C_AcknowledgeConfig  stm32f4xx_i2c.o
    0x08001176   0x00000018   Code   RO         2067    i.I2C_CheckEvent    stm32f4xx_i2c.o
    0x0800118e   0x00000014   Code   RO         2070    i.I2C_Cmd           stm32f4xx_i2c.o
    0x080011a2   0x00000002   PAD
    0x080011a4   0x00000044   Code   RO         2073    i.I2C_DeInit        stm32f4xx_i2c.o
    0x080011e8   0x00000014   Code   RO         2078    i.I2C_GenerateSTART  stm32f4xx_i2c.o
    0x080011fc   0x00000014   Code   RO         2079    i.I2C_GenerateSTOP  stm32f4xx_i2c.o
    0x08001210   0x0000002a   Code   RO         2080    i.I2C_GetFlagStatus  stm32f4xx_i2c.o
    0x0800123a   0x00000002   PAD
    0x0800123c   0x000000b8   Code   RO         2085    i.I2C_Init          stm32f4xx_i2c.o
    0x080012f4   0x00000006   Code   RO         2090    i.I2C_ReceiveData   stm32f4xx_i2c.o
    0x080012fa   0x00000010   Code   RO         2092    i.I2C_Send7bitAddress  stm32f4xx_i2c.o
    0x0800130a   0x00000004   Code   RO         2093    i.I2C_SendData      stm32f4xx_i2c.o
    0x0800130e   0x00000014   Code   RO         2094    i.I2C_SoftwareResetCmd  stm32f4xx_i2c.o
    0x08001322   0x00000002   PAD
    0x08001324   0x00000034   Code   RO         4767    i.LED_Config        hw_config.o
    0x08001358   0x000001d8   Code   RO         5374    i.MEMS_Calibration  mems_calculate.o
    0x08001530   0x00000002   Code   RO         5016    i.MemManage_Handler  stm32f4xx_it.o
    0x08001532   0x00000002   Code   RO         5017    i.NMI_Handler       stm32f4xx_it.o
    0x08001534   0x00000064   Code   RO          134    i.NVIC_Init         misc.o
    0x08001598   0x00000020   Code   RO         4768    i.NVIC_SetPriority  hw_config.o
    0x080015b8   0x00000002   Code   RO         5018    i.PendSV_Handler    stm32f4xx_it.o
    0x080015ba   0x0000001e   Code   RO         4769    i.PollingProcedure  hw_config.o
    0x080015d8   0x00000018   Code   RO         2672    i.RCC_AHB1PeriphClockCmd  stm32f4xx_rcc.o
    0x080015f0   0x00000018   Code   RO         2678    i.RCC_APB1PeriphClockCmd  stm32f4xx_rcc.o
    0x08001608   0x00000018   Code   RO         2680    i.RCC_APB1PeriphResetCmd  stm32f4xx_rcc.o
    0x08001620   0x00000090   Code   RO         2690    i.RCC_GetClocksFreq  stm32f4xx_rcc.o
    0x080016b0   0x00000014   Code   RO         2705    i.RCC_PCLK1Config   stm32f4xx_rcc.o
    0x080016c4   0x00000002   Code   RO         5019    i.SVC_Handler       stm32f4xx_it.o
    0x080016c6   0x00000002   PAD
    0x080016c8   0x000000b0   Code   RO            4    i.SetSysClock       system_stm32f4xx.o
    0x08001778   0x000000d8   Code   RO         4770    i.SysTickConfig     hw_config.o
    0x08001850   0x00000002   Code   RO         5020    i.SysTick_Handler   stm32f4xx_it.o
    0x08001852   0x00000002   PAD
    0x08001854   0x0000005c   Code   RO            6    i.SystemInit        system_stm32f4xx.o
    0x080018b0   0x00000062   Code   RO         4772    i.TIM2_Config       hw_config.o
    0x08001912   0x0000002a   Code   RO         5021    i.TIM2_IRQHandler   stm32f4xx_it.o
    0x0800193c   0x00000064   Code   RO         4773    i.TIM3_Config       hw_config.o
    0x080019a0   0x00000048   Code   RO         5022    i.TIM3_IRQHandler   stm32f4xx_it.o
    0x080019e8   0x00000006   Code   RO         3965    i.TIM_ClearITPendingBit  stm32f4xx_tim.o
    0x080019ee   0x00000014   Code   RO         3970    i.TIM_Cmd           stm32f4xx_tim.o
    0x08001a02   0x00000018   Code   RO         3991    i.TIM_GetITStatus   stm32f4xx_tim.o
    0x08001a1a   0x00000010   Code   RO         3995    i.TIM_ITConfig      stm32f4xx_tim.o
    0x08001a2a   0x00000002   PAD
    0x08001a2c   0x0000007c   Code   RO         4042    i.TIM_TimeBaseInit  stm32f4xx_tim.o
    0x08001aa8   0x000001f8   Code   RO         5375    i.Tilt_Angle_Calculate  mems_calculate.o
    0x08001ca0   0x00000014   Code   RO         4774    i.TimingDelay_Decrement  hw_config.o
    0x08001cb4   0x00000058   Code   RO         5023    i.USART2_IRQHandler  stm32f4xx_it.o
    0x08001d0c   0x0000000c   Code   RO         4508    i.USART_ClearITPendingBit  stm32f4xx_usart.o
    0x08001d18   0x00000014   Code   RO         4511    i.USART_Cmd         stm32f4xx_usart.o
    0x08001d2c   0x000000d0   Code   RO         4778    i.USART_Config      hw_config.o
    0x08001dfc   0x0000000e   Code   RO         4514    i.USART_GetFlagStatus  stm32f4xx_usart.o
    0x08001e0a   0x0000003e   Code   RO         4515    i.USART_GetITStatus  stm32f4xx_usart.o
    0x08001e48   0x00000030   Code   RO         4517    i.USART_ITConfig    stm32f4xx_usart.o
    0x08001e78   0x000000ac   Code   RO         4518    i.USART_Init        stm32f4xx_usart.o
    0x08001f24   0x00000008   Code   RO         4525    i.USART_ReceiveData  stm32f4xx_usart.o
    0x08001f2c   0x00000008   Code   RO         4528    i.USART_SendData    stm32f4xx_usart.o
    0x08001f34   0x00000050   Code   RO         4779    i.USART_Test        hw_config.o
    0x08001f84   0x00000002   Code   RO         5024    i.UsageFault_Handler  stm32f4xx_it.o
    0x08001f86   0x00000002   PAD
    0x08001f88   0x00000020   Code   RO         5823    i.__0printf         mc_w.l(printfa.o)
    0x08001fa8   0x00000030   Code   RO         5883    i.__ARM_fpclassify  m_wm.l(fpclassify.o)
    0x08001fd8   0x000002d8   Code   RO         5533    i.__hardfp_atan     m_wm.l(atan.o)
    0x080022b0   0x0000007a   Code   RO         5573    i.__hardfp_sqrt     m_wm.l(sqrt.o)
    0x0800232a   0x000000f8   Code   RO         5885    i.__kernel_poly     m_wm.l(poly.o)
    0x08002422   0x00000014   Code   RO         5864    i.__mathlib_dbl_infnan  m_wm.l(dunder.o)
    0x08002436   0x00000002   PAD
    0x08002438   0x00000020   Code   RO         5869    i.__mathlib_dbl_underflow  m_wm.l(dunder.o)
    0x08002458   0x0000000e   Code   RO         5943    i.__scatterload_copy  mc_w.l(handlers.o)
    0x08002466   0x00000002   Code   RO         5944    i.__scatterload_null  mc_w.l(handlers.o)
    0x08002468   0x0000000e   Code   RO         5945    i.__scatterload_zeroinit  mc_w.l(handlers.o)
    0x08002476   0x00000002   PAD
    0x08002478   0x0000000c   Code   RO         5911    i.__set_errno       mc_w.l(errno.o)
    0x08002484   0x00000184   Code   RO         5830    i._fp_digits        mc_w.l(printfa.o)
    0x08002608   0x000006dc   Code   RO         5831    i._printf_core      mc_w.l(printfa.o)
    0x08002ce4   0x00000024   Code   RO         5832    i._printf_post_padding  mc_w.l(printfa.o)
    0x08002d08   0x0000002e   Code   RO         5833    i._printf_pre_padding  mc_w.l(printfa.o)
    0x08002d36   0x0000004c   Code   RO         5112    i.appLSM6DS3_CommonInit  stm32f4xx_lsm6ds3.o
    0x08002d82   0x00000002   PAD
    0x08002d84   0x00000144   Code   RO         5113    i.appLSM6DS3_GetAcc  stm32f4xx_lsm6ds3.o
    0x08002ec8   0x0000002c   Code   RO         5114    i.appLSM6DS3_GetAccData  stm32f4xx_lsm6ds3.o
    0x08002ef4   0x00000168   Code   RO         5115    i.appLSM6DS3_GetGyro  stm32f4xx_lsm6ds3.o
    0x0800305c   0x0000002c   Code   RO         5116    i.appLSM6DS3_GetGyroData  stm32f4xx_lsm6ds3.o
    0x08003088   0x00000064   Code   RO         5118    i.appLSM6DS3_I2C_Init  stm32f4xx_lsm6ds3.o
    0x080030ec   0x0000005c   Code   RO         5119    i.appLSM6DS3_LowLevel_Init  stm32f4xx_lsm6ds3.o
    0x08003148   0x00000014   Code   RO         5120    i.appLSM6DS3_Read   stm32f4xx_lsm6ds3.o
    0x0800315c   0x0000000e   Code   RO         5121    i.appLSM6DS3_SelfTest  stm32f4xx_lsm6ds3.o
    0x0800316a   0x00000050   Code   RO         5122    i.appLSM6DS3_SetACC  stm32f4xx_lsm6ds3.o
    0x080031ba   0x00000002   PAD
    0x080031bc   0x0000001c   Code   RO         5123    i.appLSM6DS3_SetAccCalData  stm32f4xx_lsm6ds3.o
    0x080031d8   0x0000001c   Code   RO         5124    i.appLSM6DS3_SetAccData  stm32f4xx_lsm6ds3.o
    0x080031f4   0x0000005c   Code   RO         5125    i.appLSM6DS3_SetGyro  stm32f4xx_lsm6ds3.o
    0x08003250   0x0000001c   Code   RO         5126    i.appLSM6DS3_SetGyroCalData  stm32f4xx_lsm6ds3.o
    0x0800326c   0x0000001c   Code   RO         5127    i.appLSM6DS3_SetGyroData  stm32f4xx_lsm6ds3.o
    0x08003288   0x00000012   Code   RO         5128    i.appLSM6DS3_Setup  stm32f4xx_lsm6ds3.o
    0x0800329a   0x00000002   PAD
    0x0800329c   0x00000014   Code   RO         5129    i.appLSM6DS3_Write  stm32f4xx_lsm6ds3.o
    0x080032b0   0x00000040   Code   RO         5132    i.drvLSM6DS3_I2C_ReadAck  stm32f4xx_lsm6ds3.o
    0x080032f0   0x00000054   Code   RO         5133    i.drvLSM6DS3_I2C_ReadMulti  stm32f4xx_lsm6ds3.o
    0x08003344   0x00000048   Code   RO         5135    i.drvLSM6DS3_I2C_ReadNack  stm32f4xx_lsm6ds3.o
    0x0800338c   0x000000b0   Code   RO         5136    i.drvLSM6DS3_I2C_Start  stm32f4xx_lsm6ds3.o
    0x0800343c   0x00000054   Code   RO         5137    i.drvLSM6DS3_I2C_Stop  stm32f4xx_lsm6ds3.o
    0x08003490   0x00000040   Code   RO         5139    i.drvLSM6DS3_I2C_WriteData  stm32f4xx_lsm6ds3.o
    0x080034d0   0x0000003a   Code   RO         5140    i.drvLSM6DS3_I2C_WriteMulti  stm32f4xx_lsm6ds3.o
    0x0800350a   0x00000018   Code   RO         5879    i.fabs              m_wm.l(fabs.o)
    0x08003522   0x00000002   PAD
    0x08003524   0x00000024   Code   RO         4780    i.fputc             hw_config.o
    0x08003548   0x000000ec   Code   RO         5503    i.kalman_filter     kalman_filter.o
    0x08003634   0x0000002a   Code   RO         4982    i.main              main.o
    0x0800365e   0x00000010   Data   RO         5377    .constdata          mems_calculate.o
    0x0800366e   0x00000002   PAD
    0x08003670   0x00000098   Data   RO         5536    .constdata          m_wm.l(atan.o)
    0x08003708   0x0000004e   Data   RO         4781    .conststring        hw_config.o
    0x08003756   0x00000002   PAD
    0x08003758   0x00000020   Data   RO         5941    Region$$Table       anon$$obj.o


    Execution Region RW_IRAM1 (Base: 0x20000000, Size: 0x000005d0, Max: 0x00018000, ABSOLUTE)

    Base Addr    Size         Type   Attr      Idx    E Section Name        Object

    0x20000000   0x00000014   Data   RW            7    .data               system_stm32f4xx.o
    0x20000014   0x00000010   Data   RW         2720    .data               stm32f4xx_rcc.o
    0x20000024   0x00000008   Data   RW         4782    .data               hw_config.o
    0x2000002c   0x00000008   Data   RW         5026    .data               stm32f4xx_it.o
    0x20000034   0x0000001c   Data   RW         5141    .data               stm32f4xx_lsm6ds3.o
    0x20000050   0x00000004   Data   RW         5317    .data               custom_button.o
    0x20000054   0x00000064   Data   RW         5378    .data               mems_calculate.o
    0x200000b8   0x00000002   Data   RW         5450    .data               eeprom.o
    0x200000ba   0x00000002   PAD
    0x200000bc   0x0000003c   Data   RW         5510    .data               kalman_filter.o
    0x200000f8   0x00000004   Data   RW         5902    .data               mc_w.l(stdout.o)
    0x200000fc   0x00000004   Data   RW         5912    .data               mc_w.l(errno.o)
    0x20000100   0x000000c0   Zero   RW         5376    .bss                mems_calculate.o
    0x200001c0   0x00000010   Zero   RW         5504    .bss                kalman_filter.o
    0x200001d0   0x00000400   Zero   RW          124    STACK               startup_stm32f401xx.o


==============================================================================

Image component sizes


      Code (inc. data)   RO Data    RW Data    ZI Data      Debug   Object Name

       188         38          0          4          0       4341   custom_button.o
       732         64          0          2          0       6853   eeprom.o
       960        188         78          8          0      42885   hw_config.o
       236         16          0         60         16       1988   kalman_filter.o
        42          0          0          0          0        559   main.o
      1708        156         16        100        192       8350   mems_calculate.o
       100          4          0          0          0       1272   misc.o
        36          8        404          0       1024       1008   startup_stm32f401xx.o
       310         30          0          0          0       5163   stm32f4xx_flash.o
       216          0          0          0          0       3693   stm32f4xx_gpio.o
       444         22          0          0          0       9712   stm32f4xx_i2c.o
       220         40          0          8          0       7306   stm32f4xx_it.o
      1998        134          0         28          0      18870   stm32f4xx_lsm6ds3.o
       236         36          0         16          0       6233   stm32f4xx_rcc.o
       190         28          0          0          0       5541   stm32f4xx_tim.o
       344          8          0          0          0       7367   stm32f4xx_usart.o
       268         36          0         20          0     273025   system_stm32f4xx.o

    ----------------------------------------------------------------------
      8254        808        534        248       1232     404166   Object Totals
         0          0         32          0          0          0   (incl. Generated)
        26          0          4          2          0          0   (incl. Padding)

    ----------------------------------------------------------------------

      Code (inc. data)   RO Data    RW Data    ZI Data      Debug   Library Member Name

       728        106        152          0          0        228   atan.o
        52          8          0          0          0        248   dunder.o
        24          0          0          0          0        124   fabs.o
        48          0          0          0          0        124   fpclassify.o
       248          0          0          0          0        152   poly.o
       122          0          0          0          0        148   sqrt.o
         0          0          0          0          0          0   entry.o
         0          0          0          0          0          0   entry10a.o
         0          0          0          0          0          0   entry11a.o
         8          4          0          0          0          0   entry2.o
         4          0          0          0          0          0   entry5.o
         0          0          0          0          0          0   entry7b.o
         0          0          0          0          0          0   entry8b.o
         8          4          0          0          0          0   entry9a.o
        12          6          0          4          0         68   errno.o
        30          0          0          0          0          0   handlers.o
        36          8          0          0          0         68   init.o
         0          0          0          0          0          0   iusefp.o
        30          0          0          0          0         68   llshl.o
        36          0          0          0          0         68   llsshr.o
        32          0          0          0          0         68   llushr.o
      2258         90          0          0          0        452   printfa.o
         0          0          0          4          0          0   stdout.o
        44          0          0          0          0         80   uidiv.o
        98          0          0          0          0         92   uldiv.o
        48          0          0          0          0         68   cdrcmple.o
        56          0          0          0          0         88   d2f.o
       334          0          0          0          0        148   dadd.o
       222          0          0          0          0        100   ddiv.o
       186          0          0          0          0        176   depilogue.o
        48          0          0          0          0         68   dfixul.o
       228          0          0          0          0         96   dmul.o
       162          0          0          0          0        100   dsqrt.o
        38          0          0          0          0         68   f2d.o
       110          0          0          0          0        168   fepilogue.o

    ----------------------------------------------------------------------
      5260        226        152          8          0       3068   Library Totals
        10          0          0          0          0          0   (incl. Padding)

    ----------------------------------------------------------------------

      Code (inc. data)   RO Data    RW Data    ZI Data      Debug   Library Name

      1222        114        152          0          0       1024   m_wm.l
      2596        112          0          8          0        964   mc_w.l
      1432          0          0          0          0       1080   mf_w.l

    ----------------------------------------------------------------------
      5260        226        152          8          0       3068   Library Totals

    ----------------------------------------------------------------------

==============================================================================


      Code (inc. data)   RO Data    RW Data    ZI Data      Debug   

     13514       1034        686        256       1232     395350   Grand Totals
     13514       1034        686        256       1232     395350   ELF Image Totals
     13514       1034        686        256          0          0   ROM Totals

==============================================================================

    Total RO  Size (Code + RO Data)                14200 (  13.87kB)
    Total RW  Size (RW Data + ZI Data)              1488 (   1.45kB)
    Total ROM Size (Code + RO Data + RW Data)      14456 (  14.12kB)

==============================================================================

