<html>
<body>
<pre>
<h1>µVision Build Log</h1>
<h2>Tool Versions:</h2>
IDE-Version: £gVision V5.22.0.0
Copyright (C) 2016 ARM Ltd and ARM Germany GmbH. All rights reserved.
License Information: Avery Chen WTMEC Flex license: MDK-ARM Professional: 4 user(s) (mdk_pro) Support: Oct 2017
 
Tool Versions:
Toolchain:       MDK-ARM Professional: 4 user(s)  Version: 5.22
Toolchain Path:  C:\Keil_v5\ARM\ARMCC\Bin
C Compiler:      Armcc.exe V5.06 update 4 (build 422)
Assembler:       Armasm.exe V5.06 update 4 (build 422)
Linker/Locator:  ArmLink.exe V5.06 update 4 (build 422)
Library Manager: ArmAr.exe V5.06 update 4 (build 422)
Hex Converter:   FromElf.exe V5.06 update 4 (build 422)
CPU DLL:         SARMCM3.DLL V5.22
Dialog DLL:      DCM.DLL V1.13.9.0
Target DLL:      STLink\ST-LINKIII-KEIL_SWO.dll V2.0.18.0
Dialog DLL:      TCM.DLL V1.21.0.0
 
<h2>Project:</h2>
D:\SourceCode\_Avery_STM32F40X\STM32F401_DSP_StdPeriph_Lib_V1.7.0_I2C_LSM6DS3_EEP_Emulate\Project\Template\MDK-ARM\Project.uvprojx
Project File Date:  01/18/2017

<h2>Output:</h2>
*** Using Compiler 'V5.06 update 4 (build 422)', folder: 'C:\Keil_v5\ARM\ARMCC\Bin'
Build target 'STM32F401'
assembling startup_stm32f401xx.s...
compiling misc.c...
compiling system_stm32f4xx.c...
compiling stm32f4xx_adc.c...
compiling stm32f4xx_crc.c...
compiling stm32f4xx_cryp.c...
compiling stm32f4xx_can.c...
compiling stm32f4xx_cryp_des.c...
compiling stm32f4xx_cryp_tdes.c...
compiling stm32f4xx_cryp_aes.c...
compiling stm32f4xx_dbgmcu.c...
compiling stm32f4xx_dac.c...
compiling stm32f4xx_dcmi.c...
compiling stm32f4xx_dma.c...
compiling stm32f4xx_dma2d.c...
compiling stm32f4xx_exti.c...
compiling stm32f4xx_flash.c...
compiling stm32f4xx_gpio.c...
compiling stm32f4xx_hash.c...
compiling stm32f4xx_hash_md5.c...
compiling stm32f4xx_hash_sha1.c...
compiling stm32f4xx_i2c.c...
compiling stm32f4xx_iwdg.c...
compiling stm32f4xx_ltdc.c...
compiling stm32f4xx_pwr.c...
compiling stm32f4xx_rcc.c...
compiling stm32f4xx_rng.c...
compiling stm32f4xx_sai.c...
compiling stm32f4xx_rtc.c...
compiling stm32f4xx_spi.c...
compiling stm32f4xx_sdio.c...
compiling stm32f4xx_syscfg.c...
compiling stm32f4xx_usart.c...
compiling stm32f4xx_tim.c...
compiling stm32f4xx_wwdg.c...
compiling macro.c...
..\src\macro.c(18): warning:  #186-D: pointless comparison of unsigned integer with zero
  	if((aHex>=0)&&(aHex<=9))
..\src\macro.c: 1 warning, 0 errors
compiling Hw_config.c...
compiling main.c...
compiling stm32f4xx_it.c...
compiling Custom_Button.c...
compiling stm32f4xx_LSM6DS3.c...
compiling MEMS_Calculate.c...
..\src\MEMS_Calculate.c(70): warning:  #550-D: variable "integerX"  was set but never used
  	uint16_t integerX = 0;
..\src\MEMS_Calculate.c(71): warning:  #550-D: variable "integerY"  was set but never used
  	uint16_t integerY = 0;	
..\src\MEMS_Calculate.c(72): warning:  #550-D: variable "integerZ"  was set but never used
  	uint16_t integerZ = 0;	
..\src\MEMS_Calculate.c(117): warning:  #550-D: variable "integerX"  was set but never used
  	uint16_t integerX = 0;
..\src\MEMS_Calculate.c(118): warning:  #550-D: variable "integerY"  was set but never used
  	uint16_t integerY = 0;	
..\src\MEMS_Calculate.c(119): warning:  #550-D: variable "integerZ"  was set but never used
  	uint16_t integerZ = 0;		
..\src\MEMS_Calculate.c(23): warning:  #177-D: variable "angle"  was declared but never referenced
  static float angle, angle_dot, f_angle, f_angle_dot;
..\src\MEMS_Calculate.c: 7 warnings, 0 errors
compiling eeprom.c...
compiling kalman_filter.c...
linking...
Program Size: Code=13514 RO-data=686 RW-data=256 ZI-data=1232  
FromELF: creating hex file...
After Build - User command #1: C:\Keil_v5\\ARM\ARMCC\bin\fromelf.exe --bin --output=STM32F401Rx.bin .\Objects\STM32F401Rx.axf
".\Objects\STM32F401Rx.axf" - 0 Error(s), 8 Warning(s).

<h2>Collection of Component include folders:</h2>
  D:\SourceCode\_Avery_STM32F40X\STM32F401_DSP_StdPeriph_Lib_V1.7.0_I2C_LSM6DS3_EEP_Emulate\Project\Template\MDK-ARM\RTE\_STM32F401
  C:\Keil_v5\ARM\PACK\Keil\STM32F4xx_DFP\2.11.0\Drivers\CMSIS\Device\ST\STM32F4xx\Include

<h2>Collection of Component Files used:</h2>
Build Time Elapsed:  00:00:22
</pre>
</body>
</html>
